Archive member included to satisfy reference by file (symbol)

/usr/lib/gcc/arm-none-eabi/13.2.1/thumb/v6-m/nofp/libgcc.a(_dvmd_tls.o)
                              CMakeFiles/kaputnik.dir/home/herzog/pico/pico-sdk/src/rp2_common/pico_divider/divider_hardware.S.o (__aeabi_idiv0)
/usr/lib/gcc/arm-none-eabi/13.2.1/../../../arm-none-eabi/lib/thumb/v6-m/nofp/libg.a(libc_a-strcmp.o)
                              CMakeFiles/kaputnik.dir/src/main.c.o (strcmp)
/usr/lib/gcc/arm-none-eabi/13.2.1/../../../arm-none-eabi/lib/thumb/v6-m/nofp/libg.a(libc_a-calloc.o)
                              CMakeFiles/kaputnik.dir/home/herzog/pico/pico-sdk/src/rp2_common/pico_malloc/malloc.c.o (calloc)
/usr/lib/gcc/arm-none-eabi/13.2.1/../../../arm-none-eabi/lib/thumb/v6-m/nofp/libg.a(libc_a-impure.o)
                              /usr/lib/gcc/arm-none-eabi/13.2.1/../../../arm-none-eabi/lib/thumb/v6-m/nofp/libg.a(libc_a-calloc.o) (_impure_ptr)
/usr/lib/gcc/arm-none-eabi/13.2.1/../../../arm-none-eabi/lib/thumb/v6-m/nofp/libg.a(libc_a-callocr.o)
                              /usr/lib/gcc/arm-none-eabi/13.2.1/../../../arm-none-eabi/lib/thumb/v6-m/nofp/libg.a(libc_a-calloc.o) (_calloc_r)
/usr/lib/gcc/arm-none-eabi/13.2.1/../../../arm-none-eabi/lib/thumb/v6-m/nofp/libg.a(libc_a-realloc.o)
                              CMakeFiles/kaputnik.dir/home/herzog/pico/pico-sdk/src/rp2_common/pico_malloc/malloc.c.o (realloc)
/usr/lib/gcc/arm-none-eabi/13.2.1/../../../arm-none-eabi/lib/thumb/v6-m/nofp/libg.a(libc_a-mallocr.o)
                              /usr/lib/gcc/arm-none-eabi/13.2.1/../../../arm-none-eabi/lib/thumb/v6-m/nofp/libg.a(libc_a-callocr.o) (_malloc_r)
/usr/lib/gcc/arm-none-eabi/13.2.1/../../../arm-none-eabi/lib/thumb/v6-m/nofp/libg.a(libc_a-freer.o)
                              /usr/lib/gcc/arm-none-eabi/13.2.1/../../../arm-none-eabi/lib/thumb/v6-m/nofp/libg.a(libc_a-mallocr.o) (_free_r)
/usr/lib/gcc/arm-none-eabi/13.2.1/../../../arm-none-eabi/lib/thumb/v6-m/nofp/libg.a(libc_a-memcmp.o)
                              CMakeFiles/kaputnik.dir/home/herzog/pico/pico-sdk/src/rp2_common/pico_atomic/atomic.c.o (memcmp)
/usr/lib/gcc/arm-none-eabi/13.2.1/../../../arm-none-eabi/lib/thumb/v6-m/nofp/libg.a(libc_a-malloc.o)
                              CMakeFiles/kaputnik.dir/home/herzog/pico/pico-sdk/src/rp2_common/pico_malloc/malloc.c.o (malloc)
/usr/lib/gcc/arm-none-eabi/13.2.1/../../../arm-none-eabi/lib/thumb/v6-m/nofp/libg.a(libc_a-sysconf.o)
                              /usr/lib/gcc/arm-none-eabi/13.2.1/../../../arm-none-eabi/lib/thumb/v6-m/nofp/libg.a(libc_a-mallocr.o) (sysconf)
/usr/lib/gcc/arm-none-eabi/13.2.1/../../../arm-none-eabi/lib/thumb/v6-m/nofp/libg.a(libc_a-init.o)
                              /usr/lib/gcc/arm-none-eabi/13.2.1/../../../arm-none-eabi/lib/thumb/v6-m/nofp/crt0.o (__libc_init_array)
/usr/lib/gcc/arm-none-eabi/13.2.1/../../../arm-none-eabi/lib/thumb/v6-m/nofp/libg.a(libc_a-reallocr.o)
                              /usr/lib/gcc/arm-none-eabi/13.2.1/../../../arm-none-eabi/lib/thumb/v6-m/nofp/libg.a(libc_a-realloc.o) (_realloc_r)
/usr/lib/gcc/arm-none-eabi/13.2.1/../../../arm-none-eabi/lib/thumb/v6-m/nofp/libg.a(libc_a-mktime.o)
                              CMakeFiles/kaputnik.dir/home/herzog/pico/pico-sdk/src/common/pico_util/datetime.c.o (mktime)
/usr/lib/gcc/arm-none-eabi/13.2.1/../../../arm-none-eabi/lib/thumb/v6-m/nofp/libg.a(libc_a-mlock.o)
                              /usr/lib/gcc/arm-none-eabi/13.2.1/../../../arm-none-eabi/lib/thumb/v6-m/nofp/libg.a(libc_a-mallocr.o) (__malloc_lock)
/usr/lib/gcc/arm-none-eabi/13.2.1/../../../arm-none-eabi/lib/thumb/v6-m/nofp/libg.a(libc_a-findfp.o)
                              /usr/lib/gcc/arm-none-eabi/13.2.1/../../../arm-none-eabi/lib/thumb/v6-m/nofp/libg.a(libc_a-impure.o) (__sf)
/usr/lib/gcc/arm-none-eabi/13.2.1/../../../arm-none-eabi/lib/thumb/v6-m/nofp/libg.a(libc_a-tzlock.o)
                              /usr/lib/gcc/arm-none-eabi/13.2.1/../../../arm-none-eabi/lib/thumb/v6-m/nofp/libg.a(libc_a-mktime.o) (__tz_lock)
/usr/lib/gcc/arm-none-eabi/13.2.1/../../../arm-none-eabi/lib/thumb/v6-m/nofp/libg.a(libc_a-atexit.o)
                              /usr/lib/gcc/arm-none-eabi/13.2.1/../../../arm-none-eabi/lib/thumb/v6-m/nofp/crt0.o (atexit)
/usr/lib/gcc/arm-none-eabi/13.2.1/../../../arm-none-eabi/lib/thumb/v6-m/nofp/libg.a(libc_a-lcltime_r.o)
                              CMakeFiles/kaputnik.dir/home/herzog/pico/pico-sdk/src/common/pico_util/datetime.c.o (localtime_r)
/usr/lib/gcc/arm-none-eabi/13.2.1/../../../arm-none-eabi/lib/thumb/v6-m/nofp/libg.a(libc_a-strlen-stub.o)
                              CMakeFiles/kaputnik.dir/home/herzog/pico/pico-sdk/src/rp2_common/pico_stdio/stdio.c.o (strlen)
/usr/lib/gcc/arm-none-eabi/13.2.1/../../../arm-none-eabi/lib/thumb/v6-m/nofp/libg.a(libc_a-sbrkr.o)
                              /usr/lib/gcc/arm-none-eabi/13.2.1/../../../arm-none-eabi/lib/thumb/v6-m/nofp/libg.a(libc_a-mallocr.o) (_sbrk_r)
[...]
Memory Configuration

Name             Origin             Length             Attributes
FLASH            0x10000000         0x00200000         xr
RAM              0x20000000         0x00040000         xrw
SCRATCH_X        0x20040000         0x00001000         xrw
SCRATCH_Y        0x20041000         0x00001000         xrw
*default*        0x00000000         0xffffffff

Linker script and memory map

LOAD /usr/lib/gcc/arm-none-eabi/13.2.1/thumb/v6-m/nofp/crti.o
LOAD /usr/lib/gcc/arm-none-eabi/13.2.1/thumb/v6-m/nofp/crtbegin.o
LOAD /usr/lib/gcc/arm-none-eabi/13.2.1/../../../arm-none-eabi/lib/thumb/v6-m/nofp/crt0.o

.flash_begin    0x10000000        0x0
                0x10000000                        __flash_binary_start = .

.boot2          0x10000000      0x100
                0x10000000                        __boot2_start__ = .
 *(.boot2)
 .boot2         0x10000000      0x100 pico-sdk/src/rp2040/boot_stage2/CMakeFiles/bs2_default_library.dir/bs2_default_padded_checksummed.S.o
                0x10000100                        __boot2_end__ = .
                0x00000001                        ASSERT (((__boot2_end__ - __boot2_start__) == 0x100), ERROR: Pico second stage bootloader must be 256 bytes in size)

.text           0x10000100     0x7ff8
                0x10000100                        __logical_binary_start = .
 *(.vectors)
 .vectors       0x10000100       0xd4 CMakeFiles/kaputnik.dir/home/herzog/pico/pico-sdk/src/rp2_common/pico_crt0/crt0.S.o
                0x10000100                __vectors
                0x10000100                __VECTOR_TABLE
                0x100001c0                isr_irq30
                0x100001c0                __unhandled_user_irq
                0x100001c0                isr_irq13
                0x100001c0                isr_irq27
                0x100001c0                isr_irq31
                0x100001c0                isr_irq5
                0x100001c0                isr_irq11
                0x100001c0                isr_irq23
                0x100001c0                isr_irq18
                0x100001c0                isr_irq28
                0x100001c0                isr_irq19
                0x100001c0                isr_irq0
                0x100001c0                isr_irq6
                0x100001c0                isr_irq22
                0x100001c0                isr_irq17
                0x100001c0                isr_irq14
                0x100001c0                __vectors_end
                0x100001c0                __default_isrs_start
                0x100001c0                isr_irq2
                0x100001c0                isr_irq10
                0x100001c0                isr_irq8
                0x100001c0                isr_irq24
                0x100001c0                isr_irq1
                0x100001c0                isr_irq7
                0x100001c0                isr_irq21
                0x100001c0                isr_irq20
                0x100001c0                isr_irq15
                0x100001c0                isr_irq25
                0x100001c0                isr_irq4
                0x100001c0                isr_irq16
                0x100001c0                isr_irq29
                0x100001c0                isr_irq26
                0x100001c0                isr_irq3
                0x100001c0                isr_irq12
                0x100001c0                isr_irq9
                0x100001c6                unhandled_user_irq_num_in_r0
                0x100001c8                isr_invalid
                0x100001ca                isr_nmi
                0x100001cc                isr_hardfault
                0x100001ce                isr_svcall
                0x100001d0                isr_pendsv
                0x100001d2                isr_systick
                0x100001d4                __default_isrs_end
 *(.binary_info_header)
 .binary_info_header
                0x100001d4       0x14 CMakeFiles/kaputnik.dir/home/herzog/pico/pico-sdk/src/rp2_common/pico_crt0/crt0.S.o
                0x100001e8                        __binary_info_header_end = .
 *(.embedded_block)
                0x100001e8                        __embedded_block_end = .
 *(.reset)
 .reset         0x100001e8       0x9c CMakeFiles/kaputnik.dir/home/herzog/pico/pico-sdk/src/rp2_common/pico_crt0/crt0.S.o
                0x100001e8                _entry_point
 *(.init)
 .init          0x10000284        0x4 /usr/lib/gcc/arm-none-eabi/13.2.1/thumb/v6-m/nofp/crti.o
                0x10000284                _init
 *(EXCLUDE_FILE(*libm.a: *libc.a:*lib_a-mem*.o *libgcc.a:) .text*)
 .text          0x10000288       0x98 /usr/lib/gcc/arm-none-eabi/13.2.1/thumb/v6-m/nofp/crtbegin.o
 .text.button_callback
                0x10000320       0x44 CMakeFiles/kaputnik.dir/src/main.c.o
 .text.startup.main
                0x10000364      0x6e4 CMakeFiles/kaputnik.dir/src/main.c.o
                0x10000364                main
 .text.mpu6500_init
                0x10000a48      0x1bc CMakeFiles/kaputnik.dir/src/mpu6500.c.o
                0x10000a48                mpu6500_init
 .text.mpu6500_who_am_i
                0x10000c04       0x4c CMakeFiles/kaputnik.dir/src/mpu6500.c.o
                0x10000c04                mpu6500_who_am_i
 .text.mpu6500_read_all
                0x10000c50       0x80 CMakeFiles/kaputnik.dir/src/mpu6500.c.o
                0x10000c50                mpu6500_read_all
 .text.w25q64_init
                0x10000cd0       0xb8 CMakeFiles/kaputnik.dir/src/w25q64.c.o
                0x10000cd0                w25q64_init
 .text.w25q64_read_jedec_id
                0x10000d88       0x58 CMakeFiles/kaputnik.dir/src/w25q64.c.o
                0x10000d88                w25q64_read_jedec_id
 .text.w25q64_read
                0x10000de0       0x64 CMakeFiles/kaputnik.dir/src/w25q64.c.o
                0x10000de0                w25q64_read
 .text.w25q64_page_program
                0x10000e44       0xdc CMakeFiles/kaputnik.dir/src/w25q64.c.o
                0x10000e44                w25q64_page_program
 .text.w25q64_sector_erase
                0x10000f20       0xb8 CMakeFiles/kaputnik.dir/src/w25q64.c.o
                0x10000f20                w25q64_sector_erase
 .text.w25q64_chip_erase
                0x10000fd8       0xb4 CMakeFiles/kaputnik.dir/src/w25q64.c.o
                0x10000fd8                w25q64_chip_erase
 .text.gpio_default_irq_handler
                0x1000108c      0x274 CMakeFiles/kaputnik.dir/home/herzog/pico/pico-sdk/src/rp2_common/hardware_gpio/gpio.c.o
 .text.gpio_set_function
                0x10001300       0x34 CMakeFiles/kaputnik.dir/home/herzog/pico/pico-sdk/src/rp2_common/hardware_gpio/gpio.c.o
                0x10001300                gpio_set_function
 .text.gpio_set_pulls
                0x10001334       0x28 CMakeFiles/kaputnik.dir/home/herzog/pico/pico-sdk/src/rp2_common/hardware_gpio/gpio.c.o
                0x10001334                gpio_set_pulls
 .text.gpio_set_irq_enabled_with_callback
                0x1000135c       0xd0 CMakeFiles/kaputnik.dir/home/herzog/pico/pico-sdk/src/rp2_common/hardware_gpio/gpio.c.o
                0x1000135c                gpio_set_irq_enabled_with_callback
 .text.gpio_init
                0x1000142c       0x40 CMakeFiles/kaputnik.dir/home/herzog/pico/pico-sdk/src/rp2_common/hardware_gpio/gpio.c.o
                0x1000142c                gpio_init
 .text.rp2040_chip_version
                0x1000146c        0xc CMakeFiles/kaputnik.dir/home/herzog/pico/pico-sdk/src/rp2040/pico_platform/platform.c.o
                0x1000146c                rp2040_chip_version
 .text.panic    0x10001478       0x30 CMakeFiles/kaputnik.dir/home/herzog/pico/pico-sdk/src/rp2_common/pico_platform_panic/panic.c.o
                0x10001478                panic
 .text.hw_claim_or_assert
                0x100014a8       0x44 CMakeFiles/kaputnik.dir/home/herzog/pico/pico-sdk/src/common/hardware_claim/claim.c.o
                0x100014a8                hw_claim_or_assert
 .text.hw_claim_unused_from_range
                0x100014ec       0x9c CMakeFiles/kaputnik.dir/home/herzog/pico/pico-sdk/src/common/hardware_claim/claim.c.o
                0x100014ec                hw_claim_unused_from_range
 .text.next_striped_spin_lock_num
                0x10001588       0x18 CMakeFiles/kaputnik.dir/home/herzog/pico/pico-sdk/src/rp2_common/hardware_sync/sync.c.o
                0x10001588                next_striped_spin_lock_num
 .text.spin_lock_claim_unused
                0x100015a0       0x24 CMakeFiles/kaputnik.dir/home/herzog/pico/pico-sdk/src/rp2_common/hardware_sync/sync.c.o
                0x100015a0                spin_lock_claim_unused
 .text.spin_locks_reset
                0x100015c4       0x1c CMakeFiles/kaputnik.dir/home/herzog/pico/pico-sdk/src/rp2_common/hardware_sync_spin_lock/sync_spin_lock.c.o
                0x100015c4                spin_locks_reset
 .text.runtime_init_per_core_irq_priorities
                0x100015e0       0x24 CMakeFiles/kaputnik.dir/home/herzog/pico/pico-sdk/src/rp2_common/hardware_irq/irq.c.o
                0x100015e0                runtime_init_per_core_irq_priorities
 .text.irq_set_enabled
                0x10001604       0x24 CMakeFiles/kaputnik.dir/home/herzog/pico/pico-sdk/src/rp2_common/hardware_irq/irq.c.o
                0x10001604                irq_set_enabled
 .text.irq_is_enabled
                0x10001628       0x18 CMakeFiles/kaputnik.dir/home/herzog/pico/pico-sdk/src/rp2_common/hardware_irq/irq.c.o
                0x10001628                irq_is_enabled
 .text.irq_set_pending
                0x10001640       0x10 CMakeFiles/kaputnik.dir/home/herzog/pico/pico-sdk/src/rp2_common/hardware_irq/irq.c.o
                0x10001640                irq_set_pending
 .text.irq_has_shared_handler
                0x10001650       0x24 CMakeFiles/kaputnik.dir/home/herzog/pico/pico-sdk/src/rp2_common/hardware_irq/irq.c.o
                0x10001650                irq_has_shared_handler
 .text.irq_set_exclusive_handler
                0x10001674       0x54 CMakeFiles/kaputnik.dir/home/herzog/pico/pico-sdk/src/rp2_common/hardware_irq/irq.c.o
                0x10001674                irq_set_exclusive_handler
 .text.irq_add_shared_handler
                0x100016c8      0x1f4 CMakeFiles/kaputnik.dir/home/herzog/pico/pico-sdk/src/rp2_common/hardware_irq/irq.c.o
                0x100016c8                irq_add_shared_handler
 .text.irq_remove_handler
                0x100018bc      0x1d4 CMakeFiles/kaputnik.dir/home/herzog/pico/pico-sdk/src/rp2_common/hardware_irq/irq.c.o
                0x100018bc                irq_remove_handler
 .text.irq_add_tail_to_free_list
                0x10001a90       0xb4 CMakeFiles/kaputnik.dir/home/herzog/pico/pico-sdk/src/rp2_common/hardware_irq/irq.c.o
                0x10001a90                irq_add_tail_to_free_list
 .text.user_irq_claim_unused
                0x10001b44       0x2c CMakeFiles/kaputnik.dir/home/herzog/pico/pico-sdk/src/rp2_common/hardware_irq/irq.c.o
                0x10001b44                user_irq_claim_unused
 .text.lock_init
                0x10001b70       0x10 CMakeFiles/kaputnik.dir/home/herzog/pico/pico-sdk/src/common/pico_sync/lock_core.c.o
                0x10001b70                lock_init
 .text.runtime_init_mutex
                0x10001b80       0x50 CMakeFiles/kaputnik.dir/home/herzog/pico/pico-sdk/src/common/pico_sync/mutex.c.o
                0x10001b80                runtime_init_mutex
 .text.mutex_init
                0x10001bd0       0x1c CMakeFiles/kaputnik.dir/home/herzog/pico/pico-sdk/src/common/pico_sync/mutex.c.o
                0x10001bd0                mutex_init
 .text.critical_section_init
                0x10001bec       0x1c CMakeFiles/kaputnik.dir/home/herzog/pico/pico-sdk/src/common/pico_sync/critical_section.c.o
                0x10001bec                critical_section_init
 .text.critical_section_init_with_lock_num
                0x10001c08       0x14 CMakeFiles/kaputnik.dir/home/herzog/pico/pico-sdk/src/common/pico_sync/critical_section.c.o
                0x10001c08                critical_section_init_with_lock_num
 .text.sleep_until_callback
                0x10001c1c       0x30 CMakeFiles/kaputnik.dir/home/herzog/pico/pico-sdk/src/common/pico_time/time.c.o
 .text.alarm_pool_irq_handler
                0x10001c4c      0x2fc CMakeFiles/kaputnik.dir/home/herzog/pico/pico-sdk/src/common/pico_time/time.c.o
 .text.runtime_init_default_alarm_pool
                0x10001f48       0xdc CMakeFiles/kaputnik.dir/home/herzog/pico/pico-sdk/src/common/pico_time/time.c.o
                0x10001f48                runtime_init_default_alarm_pool
 .text.alarm_pool_get_default
                0x10002024        0x8 CMakeFiles/kaputnik.dir/home/herzog/pico/pico-sdk/src/common/pico_time/time.c.o
                0x10002024                alarm_pool_get_default
 .text.alarm_pool_add_alarm_at
                0x1000202c       0xd4 CMakeFiles/kaputnik.dir/home/herzog/pico/pico-sdk/src/common/pico_time/time.c.o
                0x1000202c                alarm_pool_add_alarm_at
 .text.alarm_pool_add_alarm_at_force_in_context
                0x10002100       0xb0 CMakeFiles/kaputnik.dir/home/herzog/pico/pico-sdk/src/common/pico_time/time.c.o
                0x10002100                alarm_pool_add_alarm_at_force_in_context
 .text.alarm_pool_cancel_alarm
                0x100021b0       0x74 CMakeFiles/kaputnik.dir/home/herzog/pico/pico-sdk/src/common/pico_time/time.c.o
                0x100021b0                alarm_pool_cancel_alarm
 .text.alarm_pool_core_num
                0x10002224        0x4 CMakeFiles/kaputnik.dir/home/herzog/pico/pico-sdk/src/common/pico_time/time.c.o
                0x10002224                alarm_pool_core_num
 .text.sleep_until
                0x10002228       0xd8 CMakeFiles/kaputnik.dir/home/herzog/pico/pico-sdk/src/common/pico_time/time.c.o
                0x10002228                sleep_until
 .text.sleep_us
                0x10002300       0x28 CMakeFiles/kaputnik.dir/home/herzog/pico/pico-sdk/src/common/pico_time/time.c.o
                0x10002300                sleep_us
 .text.sleep_ms
                0x10002328       0x38 CMakeFiles/kaputnik.dir/home/herzog/pico/pico-sdk/src/common/pico_time/time.c.o
                0x10002328                sleep_ms
 .text.best_effort_wfe_or_timeout
                0x10002360       0xf8 CMakeFiles/kaputnik.dir/home/herzog/pico/pico-sdk/src/common/pico_time/time.c.o
                0x10002360                best_effort_wfe_or_timeout
 .text.timer_hardware_alarm_claim
                0x10002458       0x14 CMakeFiles/kaputnik.dir/home/herzog/pico/pico-sdk/src/rp2_common/hardware_timer/timer.c.o
                0x10002458                timer_hardware_alarm_claim
 .text.timer_time_us_64
                0x1000246c       0x10 CMakeFiles/kaputnik.dir/home/herzog/pico/pico-sdk/src/rp2_common/hardware_timer/timer.c.o
                0x1000246c                timer_time_us_64
 .text.time_us_64
                0x1000247c       0x14 CMakeFiles/kaputnik.dir/home/herzog/pico/pico-sdk/src/rp2_common/hardware_timer/timer.c.o
                0x1000247c                time_us_64
 .text.busy_wait_us
                0x10002490       0x68 CMakeFiles/kaputnik.dir/home/herzog/pico/pico-sdk/src/rp2_common/hardware_timer/timer.c.o
                0x10002490                busy_wait_us
 .text.busy_wait_until
                0x100024f8       0x20 CMakeFiles/kaputnik.dir/home/herzog/pico/pico-sdk/src/rp2_common/hardware_timer/timer.c.o
                0x100024f8                busy_wait_until
 .text.clock_configure_int_divider
                0x10002518       0xf4 CMakeFiles/kaputnik.dir/home/herzog/pico/pico-sdk/src/rp2_common/hardware_clocks/clocks.c.o
                0x10002518                clock_configure_int_divider
 .text.clock_configure_undivided
                0x1000260c       0xe8 CMakeFiles/kaputnik.dir/home/herzog/pico/pico-sdk/src/rp2_common/hardware_clocks/clocks.c.o
                0x1000260c                clock_configure_undivided
 .text.clock_get_hz
                0x100026f4        0xc CMakeFiles/kaputnik.dir/home/herzog/pico/pico-sdk/src/rp2_common/hardware_clocks/clocks.c.o
                0x100026f4                clock_get_hz
 .text.pll_init
                0x10002700       0xa4 CMakeFiles/kaputnik.dir/home/herzog/pico/pico-sdk/src/rp2_common/hardware_pll/pll.c.o
                0x10002700                pll_init
 .text.watchdog_reboot
                0x100027a4       0x9c CMakeFiles/kaputnik.dir/home/herzog/pico/pico-sdk/src/rp2_common/hardware_watchdog/watchdog.c.o
                0x100027a4                watchdog_reboot
 .text.tick_start
                0x10002840       0x10 CMakeFiles/kaputnik.dir/home/herzog/pico/pico-sdk/src/rp2_common/hardware_ticks/ticks.c.o
                0x10002840                tick_start
 .text.rom_func_lookup
                0x10002850       0x10 CMakeFiles/kaputnik.dir/home/herzog/pico/pico-sdk/src/rp2_common/pico_bootrom/bootrom.c.o
                0x10002850                rom_func_lookup
 .text.rom_data_lookup
                0x10002860       0x10 CMakeFiles/kaputnik.dir/home/herzog/pico/pico-sdk/src/rp2_common/pico_bootrom/bootrom.c.o
                0x10002860                rom_data_lookup
 .text.rom_funcs_lookup
                0x10002870       0x44 CMakeFiles/kaputnik.dir/home/herzog/pico/pico-sdk/src/rp2_common/pico_bootrom/bootrom.c.o
                0x10002870                rom_funcs_lookup
 .text.rom_reset_usb_boot_extra
                0x100028b4       0x28 CMakeFiles/kaputnik.dir/home/herzog/pico/pico-sdk/src/rp2_common/pico_bootrom/bootrom.c.o
                0x100028b4                rom_reset_usb_boot_extra
 .text.xosc_init
                0x100028dc       0x28 CMakeFiles/kaputnik.dir/home/herzog/pico/pico-sdk/src/rp2_common/hardware_xosc/xosc.c.o
                0x100028dc                xosc_init
 .text.first_per_core_initializer
                0x10002904        0x4 CMakeFiles/kaputnik.dir/home/herzog/pico/pico-sdk/src/rp2_common/pico_runtime/runtime.c.o
 .text.hard_assertion_failure
                0x10002908        0xc CMakeFiles/kaputnik.dir/home/herzog/pico/pico-sdk/src/rp2_common/pico_runtime/runtime.c.o
                0x10002908                hard_assertion_failure
 .text.runtime_run_initializers
                0x10002914       0x28 CMakeFiles/kaputnik.dir/home/herzog/pico/pico-sdk/src/rp2_common/pico_runtime/runtime.c.o
                0x10002914                runtime_run_initializers
 .text.runtime_init_early_resets
                0x1000293c       0x2c CMakeFiles/kaputnik.dir/home/herzog/pico/pico-sdk/src/rp2_common/pico_runtime_init/runtime_init.c.o
                0x1000293c                runtime_init_early_resets
 .text.runtime_init_usb_power_down
                0x10002968       0x1c CMakeFiles/kaputnik.dir/home/herzog/pico/pico-sdk/src/rp2_common/pico_runtime_init/runtime_init.c.o
                0x10002968                runtime_init_usb_power_down
 .text.runtime_init_post_clock_resets
                0x10002984       0x20 CMakeFiles/kaputnik.dir/home/herzog/pico/pico-sdk/src/rp2_common/pico_runtime_init/runtime_init.c.o
                0x10002984                runtime_init_post_clock_resets
 .text.runtime_init_rp2040_gpio_ie_disable
                0x100029a4       0x14 CMakeFiles/kaputnik.dir/home/herzog/pico/pico-sdk/src/rp2_common/pico_runtime_init/runtime_init.c.o
                0x100029a4                runtime_init_rp2040_gpio_ie_disable
 .text.runtime_init_spin_locks_reset
                0x100029b8        0x8 CMakeFiles/kaputnik.dir/home/herzog/pico/pico-sdk/src/rp2_common/pico_runtime_init/runtime_init.c.o
                0x100029b8                runtime_init_spin_locks_reset
 .text.runtime_init_install_ram_vector_table
                0x100029c0       0xb4 CMakeFiles/kaputnik.dir/home/herzog/pico/pico-sdk/src/rp2_common/pico_runtime_init/runtime_init.c.o
                0x100029c0                runtime_init_install_ram_vector_table
 .text.runtime_init_clocks
                0x10002a74       0xd8 CMakeFiles/kaputnik.dir/home/herzog/pico/pico-sdk/src/rp2_common/pico_runtime_init/runtime_init_clocks.c.o
                0x10002a74                runtime_init_clocks
 .text          0x10002b4c       0x10 CMakeFiles/kaputnik.dir/home/herzog/pico/pico-sdk/src/rp2_common/pico_bit_ops/bit_ops_aeabi.S.o
 .text.__wrap___aeabi_idiv
                0x10002b5c       0x50 CMakeFiles/kaputnik.dir/home/herzog/pico/pico-sdk/src/rp2_common/pico_divider/divider_hardware.S.o
                0x10002b5c                __wrap___aeabi_idivmod
                0x10002b5c                divmod_s32s32
                0x10002b5c                div_s32s32
                0x10002b5c                __wrap___aeabi_idiv
                0x10002b64                divmod_s32s32_unsafe
                0x10002b90                divmod_s32s32_savestate
 .text.__wrap___aeabi_uidiv
                0x10002bac       0x4c CMakeFiles/kaputnik.dir/home/herzog/pico/pico-sdk/src/rp2_common/pico_divider/divider_hardware.S.o
                0x10002bac                __wrap___aeabi_uidiv
                0x10002bac                __wrap___aeabi_uidivmod
                0x10002bac                div_u32u32
                0x10002bac                divmod_u32u32
                0x10002bb4                divmod_u32u32_unsafe
                0x10002bdc                divmod_u32u32_savestate
 .text.__wrap___aeabi_ldiv
                0x10002bf8      0x424 CMakeFiles/kaputnik.dir/home/herzog/pico/pico-sdk/src/rp2_common/pico_divider/divider_hardware.S.o
                0x10002bf8                div_s64s64
                0x10002bf8                divmod_s64s64
                0x10002bf8                __wrap___aeabi_ldivmod
                0x10002c28                div_u64u64
                0x10002c28                divmod_u64u64
                0x10002c28                __wrap___aeabi_uldivmod
                0x10002c38                divmod_u64u64_savestate
                0x10002c58                divmod_s64s64_unsafe
                0x10002ce0                divmod_u64u64_unsafe
 .text.__wrap___aeabi_darithmetic
                0x1000301c       0x80 CMakeFiles/kaputnik.dir/home/herzog/pico/pico-sdk/src/rp2_common/pico_double/double_aeabi_rp2040.S.o
                0x1000301c                __wrap___aeabi_drsub
                0x10003022                __wrap___aeabi_dsub
                0x10003034                __wrap___aeabi_dadd
                0x10003046                __wrap___aeabi_ddiv
                0x10003082                __wrap___aeabi_dmul
 .text.__wrap___aeabi_cdcmple
                0x1000309c       0x6c CMakeFiles/kaputnik.dir/home/herzog/pico/pico-sdk/src/rp2_common/pico_double/double_aeabi_rp2040.S.o
                0x1000309c                __wrap___aeabi_cdrcmple
                0x100030ac                __wrap___aeabi_cdcmple
                0x100030ac                __wrap___aeabi_cdcmpeq
 .text.__wrap___aeabi_dcmplt
                0x10003108        0xc CMakeFiles/kaputnik.dir/home/herzog/pico/pico-sdk/src/rp2_common/pico_double/double_aeabi_rp2040.S.o
                0x10003108                __wrap___aeabi_dcmplt
 .text.__wrap___aeabi_dcmpge
                0x10003114       0x10 CMakeFiles/kaputnik.dir/home/herzog/pico/pico-sdk/src/rp2_common/pico_double/double_aeabi_rp2040.S.o
                0x10003114                __wrap___aeabi_dcmpge
 .text.__wrap___aeabi_dcmpgt
                0x10003124        0xa CMakeFiles/kaputnik.dir/home/herzog/pico/pico-sdk/src/rp2_common/pico_double/double_aeabi_rp2040.S.o
                0x10003124                __wrap___aeabi_dcmpgt
 .text.__wrap___aeabi_dcmpun
                0x1000312e       0x18 CMakeFiles/kaputnik.dir/home/herzog/pico/pico-sdk/src/rp2_common/pico_double/double_aeabi_rp2040.S.o
                0x1000312e                __wrap___aeabi_dcmpun
 *fill*         0x10003146        0x2 
 .text.__wrap___aeabi_i2d
                0x10003148       0x38 CMakeFiles/kaputnik.dir/home/herzog/pico/pico-sdk/src/rp2_common/pico_double/double_aeabi_rp2040.S.o
                0x10003148                __wrap___aeabi_ui2d
                0x10003148                uint2double
                0x10003150                __wrap___aeabi_i2d
                0x10003150                int2double
 .text.__wrap___aeabi_d2iz
                0x10003180       0x48 CMakeFiles/kaputnik.dir/home/herzog/pico/pico-sdk/src/rp2_common/pico_double/double_aeabi_rp2040.S.o
                0x10003180                __wrap___aeabi_d2iz
                0x10003180                double2int_z
 .text.__wrap___aeabi_d2uiz
                0x100031c8       0x18 CMakeFiles/kaputnik.dir/home/herzog/pico/pico-sdk/src/rp2_common/pico_double/double_aeabi_rp2040.S.o
                0x100031c8                double2uint_z
                0x100031c8                double2uint
                0x100031c8                __wrap___aeabi_d2uiz
 .text.__aeabi_double_init
                0x100031e0       0xa4 CMakeFiles/kaputnik.dir/home/herzog/pico/pico-sdk/src/rp2_common/pico_double/double_init_rom_rp2040.c.o
                0x100031e0                __aeabi_double_init
 .text.double_table_shim_on_use_helper
                0x10003284       0x2c CMakeFiles/kaputnik.dir/home/herzog/pico/pico-sdk/src/rp2_common/pico_double/double_v1_rom_shim_rp2040.S.o
                0x10003284                double_table_shim_on_use_helper
 .text.__wrap___aeabi_dsub
                0x100032b0       0x10 CMakeFiles/kaputnik.dir/home/herzog/pico/pico-sdk/src/rp2_common/pico_double/double_v1_rom_shim_rp2040.S.o
                0x100032b0                drsub_shim
                0x100032b6                dsub_shim
 .text.dadd_shim
                0x100032c0      0x15c CMakeFiles/kaputnik.dir/home/herzog/pico/pico-sdk/src/rp2_common/pico_double/double_v1_rom_shim_rp2040.S.o
                0x100032c0                dadd_shim
 .text.dmul_shim
                0x1000341c      0x15c CMakeFiles/kaputnik.dir/home/herzog/pico/pico-sdk/src/rp2_common/pico_double/double_v1_rom_shim_rp2040.S.o
                0x1000341c                dmul_shim
 .text.ddiv_shim
                0x10003578      0x1b0 CMakeFiles/kaputnik.dir/home/herzog/pico/pico-sdk/src/rp2_common/pico_double/double_v1_rom_shim_rp2040.S.o
                0x10003578                ddiv_shim
 .text.double2uint_shim
                0x10003728        0xe CMakeFiles/kaputnik.dir/home/herzog/pico/pico-sdk/src/rp2_common/pico_double/double_v1_rom_shim_rp2040.S.o
                0x10003728                double2uint_shim
                0x1000372a                double2ufix_shim
 *fill*         0x10003736        0x2 
 .text.double2uint64_shim
                0x10003738       0x70 CMakeFiles/kaputnik.dir/home/herzog/pico/pico-sdk/src/rp2_common/pico_double/double_v1_rom_shim_rp2040.S.o
                0x10003738                double2uint64_shim
                0x1000373a                double2ufix64_shim
                0x1000375a                d2fix_a
 .text.dunpacks
                0x100037a8       0x3c CMakeFiles/kaputnik.dir/home/herzog/pico/pico-sdk/src/rp2_common/pico_double/double_v1_rom_shim_rp2040.S.o
                0x100037a8                dunpacks
 .text.__aeabi_lmul
                0x100037e4       0x32 CMakeFiles/kaputnik.dir/home/herzog/pico/pico-sdk/src/rp2_common/pico_int64_ops/pico_int64_ops_aeabi.S.o
                0x100037e4                __wrap___aeabi_lmul
 *fill*         0x10003816        0x2 
 .text.__aeabi_float_init
                0x10003818       0x64 CMakeFiles/kaputnik.dir/home/herzog/pico/pico-sdk/src/rp2_common/pico_float/float_init_rom_rp2040.c.o
                0x10003818                __aeabi_float_init
 .text.float_table_shim_on_use_helper
                0x1000387c       0x2c CMakeFiles/kaputnik.dir/home/herzog/pico/pico-sdk/src/rp2_common/pico_float/float_v1_rom_shim_rp2040.S.o
                0x1000387c                float_table_shim_on_use_helper
 .text          0x100038a8       0x10 CMakeFiles/kaputnik.dir/home/herzog/pico/pico-sdk/src/rp2_common/pico_mem_ops/mem_ops_aeabi.S.o
                0x100038a8                __aeabi_mem_init
 .text.memset   0x100038b8        0xc CMakeFiles/kaputnik.dir/home/herzog/pico/pico-sdk/src/rp2_common/pico_mem_ops/mem_ops_aeabi.S.o
                0x100038b8                __wrap_memset
 .text.memcpy   0x100038c4        0xc CMakeFiles/kaputnik.dir/home/herzog/pico/pico-sdk/src/rp2_common/pico_mem_ops/mem_ops_aeabi.S.o
                0x100038c4                __wrap___aeabi_memcpy
                0x100038c4                __wrap_memcpy
 .text._out_null
                0x100038d0        0x4 CMakeFiles/kaputnik.dir/home/herzog/pico/pico-sdk/src/rp2_common/pico_printf/printf.c.o
 .text._out_rev
                0x100038d4       0xac CMakeFiles/kaputnik.dir/home/herzog/pico/pico-sdk/src/rp2_common/pico_printf/printf.c.o
 .text._ntoa_format
                0x10003980      0x250 CMakeFiles/kaputnik.dir/home/herzog/pico/pico-sdk/src/rp2_common/pico_printf/printf.c.o
 .text._out_char
                0x10003bd0       0x10 CMakeFiles/kaputnik.dir/home/herzog/pico/pico-sdk/src/rp2_common/pico_printf/printf.c.o
 .text._out_fct
                0x10003be0       0x10 CMakeFiles/kaputnik.dir/home/herzog/pico/pico-sdk/src/rp2_common/pico_printf/printf.c.o
 .text._etoa    0x10003bf0      0x464 CMakeFiles/kaputnik.dir/home/herzog/pico/pico-sdk/src/rp2_common/pico_printf/printf.c.o
 .text._ftoa    0x10004054      0x3c0 CMakeFiles/kaputnik.dir/home/herzog/pico/pico-sdk/src/rp2_common/pico_printf/printf.c.o
 .text._vsnprintf
                0x10004414      0xbc8 CMakeFiles/kaputnik.dir/home/herzog/pico/pico-sdk/src/rp2_common/pico_printf/printf.c.o
 .text.vfctprintf
                0x10004fdc       0x20 CMakeFiles/kaputnik.dir/home/herzog/pico/pico-sdk/src/rp2_common/pico_printf/printf.c.o
                0x10004fdc                vfctprintf
 .text.weak_raw_vprintf
                0x10004ffc       0x30 CMakeFiles/kaputnik.dir/home/herzog/pico/pico-sdk/src/rp2_common/pico_printf/printf.c.o
                0x10004ffc                weak_raw_vprintf
 .text._exit    0x1000502c        0x4 CMakeFiles/kaputnik.dir/home/herzog/pico/pico-sdk/src/rp2_common/pico_clib_interface/newlib_interface.c.o
                0x1000502c                _exit
 .text.exit     0x10005030        0x8 CMakeFiles/kaputnik.dir/home/herzog/pico/pico-sdk/src/rp2_common/pico_clib_interface/newlib_interface.c.o
                0x10005030                exit
 .text.runtime_init
                0x10005038       0x2c CMakeFiles/kaputnik.dir/home/herzog/pico/pico-sdk/src/rp2_common/pico_clib_interface/newlib_interface.c.o
                0x10005038                runtime_init
 .text.stdio_out_chars_no_crlf
                0x10005064       0x10 CMakeFiles/kaputnik.dir/home/herzog/pico/pico-sdk/src/rp2_common/pico_stdio/stdio.c.o
 .text.stdio_out_chars_crlf
                0x10005074       0x94 CMakeFiles/kaputnik.dir/home/herzog/pico/pico-sdk/src/rp2_common/pico_stdio/stdio.c.o
 .text.stdio_buffered_printer
                0x10005108       0x64 CMakeFiles/kaputnik.dir/home/herzog/pico/pico-sdk/src/rp2_common/pico_stdio/stdio.c.o
 .text.stdio_put_string
                0x1000516c      0x100 CMakeFiles/kaputnik.dir/home/herzog/pico/pico-sdk/src/rp2_common/pico_stdio/stdio.c.o
                0x1000516c                stdio_put_string
 .text.stdio_set_driver_enabled
                0x1000526c       0x30 CMakeFiles/kaputnik.dir/home/herzog/pico/pico-sdk/src/rp2_common/pico_stdio/stdio.c.o
                0x1000526c                stdio_set_driver_enabled
 .text.stdio_init_all
                0x1000529c        0x8 CMakeFiles/kaputnik.dir/home/herzog/pico/pico-sdk/src/rp2_common/pico_stdio/stdio.c.o
                0x1000529c                stdio_init_all
 .text.stdio_getchar_timeout_us
                0x100052a4       0x98 CMakeFiles/kaputnik.dir/home/herzog/pico/pico-sdk/src/rp2_common/pico_stdio/stdio.c.o
                0x100052a4                stdio_getchar_timeout_us
 .text.__wrap_putchar
                0x1000533c       0x98 CMakeFiles/kaputnik.dir/home/herzog/pico/pico-sdk/src/rp2_common/pico_stdio/stdio.c.o
                0x1000533c                stdio_putchar
                0x1000533c                __wrap_putchar
 .text.__wrap_puts
                0x100053d4       0x3c CMakeFiles/kaputnik.dir/home/herzog/pico/pico-sdk/src/rp2_common/pico_stdio/stdio.c.o
                0x100053d4                __wrap_puts
                0x100053d4                stdio_puts
 .text.__wrap_vprintf
                0x10005410       0xd4 CMakeFiles/kaputnik.dir/home/herzog/pico/pico-sdk/src/rp2_common/pico_stdio/stdio.c.o
                0x10005410                __wrap_vprintf
                0x10005410                stdio_vprintf
 .text.__wrap_printf
                0x100054e4       0x18 CMakeFiles/kaputnik.dir/home/herzog/pico/pico-sdk/src/rp2_common/pico_stdio/stdio.c.o
                0x100054e4                stdio_printf
                0x100054e4                __wrap_printf
 .text.resetd_init
                0x100054fc        0x4 CMakeFiles/kaputnik.dir/home/herzog/pico/pico-sdk/src/rp2_common/pico_stdio_usb/reset_interface.c.o
 .text.resetd_reset
                0x10005500        0xc CMakeFiles/kaputnik.dir/home/herzog/pico/pico-sdk/src/rp2_common/pico_stdio_usb/reset_interface.c.o
 .text.resetd_open
                0x1000550c       0x28 CMakeFiles/kaputnik.dir/home/herzog/pico/pico-sdk/src/rp2_common/pico_stdio_usb/reset_interface.c.o
 .text.resetd_xfer_cb
                0x10005534        0x4 CMakeFiles/kaputnik.dir/home/herzog/pico/pico-sdk/src/rp2_common/pico_stdio_usb/reset_interface.c.o
 .text.resetd_control_xfer_cb
                0x10005538       0x5c CMakeFiles/kaputnik.dir/home/herzog/pico/pico-sdk/src/rp2_common/pico_stdio_usb/reset_interface.c.o
 .text.tud_descriptor_bos_cb
                0x10005594        0x8 CMakeFiles/kaputnik.dir/home/herzog/pico/pico-sdk/src/rp2_common/pico_stdio_usb/reset_interface.c.o
                0x10005594                tud_descriptor_bos_cb
 .text.tud_vendor_control_xfer_cb
                0x1000559c       0x34 CMakeFiles/kaputnik.dir/home/herzog/pico/pico-sdk/src/rp2_common/pico_stdio_usb/reset_interface.c.o
                0x1000559c                tud_vendor_control_xfer_cb
 .text.usbd_app_driver_get_cb
                0x100055d0        0xc CMakeFiles/kaputnik.dir/home/herzog/pico/pico-sdk/src/rp2_common/pico_stdio_usb/reset_interface.c.o
                0x100055d0                usbd_app_driver_get_cb
 .text.tud_cdc_line_coding_cb
                0x100055dc       0x2c CMakeFiles/kaputnik.dir/home/herzog/pico/pico-sdk/src/rp2_common/pico_stdio_usb/reset_interface.c.o
                0x100055dc                tud_cdc_line_coding_cb
 .text.stdio_usb_set_chars_available_callback
                0x10005608       0x14 CMakeFiles/kaputnik.dir/home/herzog/pico/pico-sdk/src/rp2_common/pico_stdio_usb/stdio_usb.c.o
                0x10005608                stdio_usb_set_chars_available_callback
 .text.usb_irq  0x1000561c       0x10 CMakeFiles/kaputnik.dir/home/herzog/pico/pico-sdk/src/rp2_common/pico_stdio_usb/stdio_usb.c.o
 .text.timer_task
                0x1000562c       0x64 CMakeFiles/kaputnik.dir/home/herzog/pico/pico-sdk/src/rp2_common/pico_stdio_usb/stdio_usb.c.o
 .text.stdio_usb_in_chars
                0x10005690       0x90 CMakeFiles/kaputnik.dir/home/herzog/pico/pico-sdk/src/rp2_common/pico_stdio_usb/stdio_usb.c.o
                0x10005690                stdio_usb_in_chars
 .text.stdio_usb_out_flush
                0x10005720       0x50 CMakeFiles/kaputnik.dir/home/herzog/pico/pico-sdk/src/rp2_common/pico_stdio_usb/stdio_usb.c.o
 .text.stdio_usb_out_chars
                0x10005770      0x104 CMakeFiles/kaputnik.dir/home/herzog/pico/pico-sdk/src/rp2_common/pico_stdio_usb/stdio_usb.c.o
 .text.low_priority_worker_irq
                0x10005874       0xcc CMakeFiles/kaputnik.dir/home/herzog/pico/pico-sdk/src/rp2_common/pico_stdio_usb/stdio_usb.c.o
 .text.stdio_usb_init
                0x10005940       0xec CMakeFiles/kaputnik.dir/home/herzog/pico/pico-sdk/src/rp2_common/pico_stdio_usb/stdio_usb.c.o
                0x10005940                stdio_usb_init
 .text.tud_descriptor_device_cb
                0x10005a2c        0x8 CMakeFiles/kaputnik.dir/home/herzog/pico/pico-sdk/src/rp2_common/pico_stdio_usb/stdio_usb_descriptors.c.o
                0x10005a2c                tud_descriptor_device_cb
 .text.tud_descriptor_configuration_cb
                0x10005a34        0x8 CMakeFiles/kaputnik.dir/home/herzog/pico/pico-sdk/src/rp2_common/pico_stdio_usb/stdio_usb_descriptors.c.o
                0x10005a34                tud_descriptor_configuration_cb
 .text.tud_descriptor_string_cb
                0x10005a3c       0x78 CMakeFiles/kaputnik.dir/home/herzog/pico/pico-sdk/src/rp2_common/pico_stdio_usb/stdio_usb_descriptors.c.o
                0x10005a3c                tud_descriptor_string_cb
 .text.startup._retrieve_unique_id_on_boot
                0x10005ab4       0x10 CMakeFiles/kaputnik.dir/home/herzog/pico/pico-sdk/src/rp2_common/pico_unique_id/unique_id.c.o
 .text.pico_get_unique_board_id_string
                0x10005ac4      0x1a8 CMakeFiles/kaputnik.dir/home/herzog/pico/pico-sdk/src/rp2_common/pico_unique_id/unique_id.c.o
                0x10005ac4                pico_get_unique_board_id_string
 .text.flash_get_unique_id
                0x10005c6c       0x3c CMakeFiles/kaputnik.dir/home/herzog/pico/pico-sdk/src/rp2_common/hardware_flash/flash.c.o
                0x10005c6c                flash_get_unique_id
 .text.dcd_init
                0x10005ca8       0x90 CMakeFiles/kaputnik.dir/home/herzog/pico/pico-sdk/lib/tinyusb/src/portable/raspberrypi/rp2040/dcd_rp2040.c.o
                0x10005ca8                dcd_init
 .text.dcd_int_enable
                0x10005d38        0xc CMakeFiles/kaputnik.dir/home/herzog/pico/pico-sdk/lib/tinyusb/src/portable/raspberrypi/rp2040/dcd_rp2040.c.o
                0x10005d38                dcd_int_enable
 .text.dcd_set_address
                0x10005d44       0x14 CMakeFiles/kaputnik.dir/home/herzog/pico/pico-sdk/lib/tinyusb/src/portable/raspberrypi/rp2040/dcd_rp2040.c.o
                0x10005d44                dcd_set_address
 .text.dcd_sof_enable
                0x10005d58       0x1c CMakeFiles/kaputnik.dir/home/herzog/pico/pico-sdk/lib/tinyusb/src/portable/raspberrypi/rp2040/dcd_rp2040.c.o
                0x10005d58                dcd_sof_enable
 .text.dcd_edpt0_status_complete
                0x10005d74       0x1c CMakeFiles/kaputnik.dir/home/herzog/pico/pico-sdk/lib/tinyusb/src/portable/raspberrypi/rp2040/dcd_rp2040.c.o
                0x10005d74                dcd_edpt0_status_complete
 .text.dcd_edpt_open
                0x10005d90      0x114 CMakeFiles/kaputnik.dir/home/herzog/pico/pico-sdk/lib/tinyusb/src/portable/raspberrypi/rp2040/dcd_rp2040.c.o
                0x10005d90                dcd_edpt_open
 .text.dcd_edpt_close_all
                0x10005ea4        0x8 CMakeFiles/kaputnik.dir/home/herzog/pico/pico-sdk/lib/tinyusb/src/portable/raspberrypi/rp2040/dcd_rp2040.c.o
                0x10005ea4                dcd_edpt_close_all
 .text.dcd_edpt_xfer
                0x10005eac       0x24 CMakeFiles/kaputnik.dir/home/herzog/pico/pico-sdk/lib/tinyusb/src/portable/raspberrypi/rp2040/dcd_rp2040.c.o
                0x10005eac                dcd_edpt_xfer
 .text.dcd_edpt_stall
                0x10005ed0       0x34 CMakeFiles/kaputnik.dir/home/herzog/pico/pico-sdk/lib/tinyusb/src/portable/raspberrypi/rp2040/dcd_rp2040.c.o
                0x10005ed0                dcd_edpt_stall
 .text.dcd_edpt_clear_stall
                0x10005f04       0x30 CMakeFiles/kaputnik.dir/home/herzog/pico/pico-sdk/lib/tinyusb/src/portable/raspberrypi/rp2040/dcd_rp2040.c.o
                0x10005f04                dcd_edpt_clear_stall
 .text.rp2040_usb_init
                0x10005f34       0x40 CMakeFiles/kaputnik.dir/home/herzog/pico/pico-sdk/lib/tinyusb/src/portable/raspberrypi/rp2040/rp2040_usb.c.o
                0x10005f34                rp2040_usb_init
 .text.hw_endpoint_xfer_start
                0x10005f74       0x40 CMakeFiles/kaputnik.dir/home/herzog/pico/pico-sdk/lib/tinyusb/src/portable/raspberrypi/rp2040/rp2040_usb.c.o
                0x10005f74                hw_endpoint_xfer_start
 .text.tud_event_hook_cb
                0x10005fb4        0x4 CMakeFiles/kaputnik.dir/home/herzog/pico/pico-sdk/lib/tinyusb/src/device/usbd.c.o
                0x10005fb4                tud_event_hook_cb
 .text.tud_sof_cb
                0x10005fb8        0x4 CMakeFiles/kaputnik.dir/home/herzog/pico/pico-sdk/lib/tinyusb/src/device/usbd.c.o
                0x10005fb8                tud_sof_cb
 .text.tud_descriptor_device_qualifier_cb
                0x10005fbc        0x4 CMakeFiles/kaputnik.dir/home/herzog/pico/pico-sdk/lib/tinyusb/src/device/usbd.c.o
                0x10005fbc                tud_descriptor_device_qualifier_cb
 .text.tud_descriptor_other_speed_configuration_cb
                0x10005fc0        0x4 CMakeFiles/kaputnik.dir/home/herzog/pico/pico-sdk/lib/tinyusb/src/device/usbd.c.o
                0x10005fc0                tud_descriptor_other_speed_configuration_cb
 .text.tud_mount_cb
                0x10005fc4        0x4 CMakeFiles/kaputnik.dir/home/herzog/pico/pico-sdk/lib/tinyusb/src/device/usbd.c.o
                0x10005fc4                tud_mount_cb
 .text.tud_umount_cb
                0x10005fc8        0x4 CMakeFiles/kaputnik.dir/home/herzog/pico/pico-sdk/lib/tinyusb/src/device/usbd.c.o
                0x10005fc8                tud_umount_cb
 .text.tud_suspend_cb
                0x10005fcc        0x4 CMakeFiles/kaputnik.dir/home/herzog/pico/pico-sdk/lib/tinyusb/src/device/usbd.c.o
                0x10005fcc                tud_suspend_cb
 .text.tud_resume_cb
                0x10005fd0        0x4 CMakeFiles/kaputnik.dir/home/herzog/pico/pico-sdk/lib/tinyusb/src/device/usbd.c.o
                0x10005fd0                tud_resume_cb
 .text.tud_mounted
                0x10005fd4       0x10 CMakeFiles/kaputnik.dir/home/herzog/pico/pico-sdk/lib/tinyusb/src/device/usbd.c.o
                0x10005fd4                tud_mounted
 .text.tud_suspended
                0x10005fe4       0x10 CMakeFiles/kaputnik.dir/home/herzog/pico/pico-sdk/lib/tinyusb/src/device/usbd.c.o
                0x10005fe4                tud_suspended
 .text.tud_rhport_init
                0x10005ff4       0xfc CMakeFiles/kaputnik.dir/home/herzog/pico/pico-sdk/lib/tinyusb/src/device/usbd.c.o
                0x10005ff4                tud_rhport_init
 .text.tud_task_ext
                0x100060f0      0x800 CMakeFiles/kaputnik.dir/home/herzog/pico/pico-sdk/lib/tinyusb/src/device/usbd.c.o
                0x100060f0                tud_task_ext
 .text.usbd_open_edpt_pair
                0x100068f0       0x9c CMakeFiles/kaputnik.dir/home/herzog/pico/pico-sdk/lib/tinyusb/src/device/usbd.c.o
                0x100068f0                usbd_open_edpt_pair
 .text.usbd_edpt_open
                0x1000698c       0x34 CMakeFiles/kaputnik.dir/home/herzog/pico/pico-sdk/lib/tinyusb/src/device/usbd.c.o
                0x1000698c                usbd_edpt_open
 .text.usbd_edpt_claim
                0x100069c0       0x28 CMakeFiles/kaputnik.dir/home/herzog/pico/pico-sdk/lib/tinyusb/src/device/usbd.c.o
                0x100069c0                usbd_edpt_claim
 .text.usbd_edpt_release
                0x100069e8       0x28 CMakeFiles/kaputnik.dir/home/herzog/pico/pico-sdk/lib/tinyusb/src/device/usbd.c.o
                0x100069e8                usbd_edpt_release
 .text.usbd_edpt_xfer
                0x10006a10       0x4c CMakeFiles/kaputnik.dir/home/herzog/pico/pico-sdk/lib/tinyusb/src/device/usbd.c.o
                0x10006a10                usbd_edpt_xfer
 .text.tud_control_status
                0x10006a5c       0x2c CMakeFiles/kaputnik.dir/home/herzog/pico/pico-sdk/lib/tinyusb/src/device/usbd_control.c.o
                0x10006a5c                tud_control_status
 .text.tud_control_xfer
                0x10006a88       0xac CMakeFiles/kaputnik.dir/home/herzog/pico/pico-sdk/lib/tinyusb/src/device/usbd_control.c.o
                0x10006a88                tud_control_xfer
 .text.usbd_control_reset
                0x10006b34       0x14 CMakeFiles/kaputnik.dir/home/herzog/pico/pico-sdk/lib/tinyusb/src/device/usbd_control.c.o
                0x10006b34                usbd_control_reset
 .text.usbd_control_set_complete_callback
                0x10006b48        0xc CMakeFiles/kaputnik.dir/home/herzog/pico/pico-sdk/lib/tinyusb/src/device/usbd_control.c.o
                0x10006b48                usbd_control_set_complete_callback
 .text.usbd_control_set_request
                0x10006b54       0x1c CMakeFiles/kaputnik.dir/home/herzog/pico/pico-sdk/lib/tinyusb/src/device/usbd_control.c.o
                0x10006b54                usbd_control_set_request
 .text.usbd_control_xfer_cb
                0x10006b70       0xec CMakeFiles/kaputnik.dir/home/herzog/pico/pico-sdk/lib/tinyusb/src/device/usbd_control.c.o
                0x10006b70                usbd_control_xfer_cb
 .text._prep_out_transaction.isra.0
                0x10006c5c       0x6c CMakeFiles/kaputnik.dir/home/herzog/pico/pico-sdk/lib/tinyusb/src/class/cdc/cdc_device.c.o
 .text.tud_cdc_n_connected
                0x10006cc8       0x2c CMakeFiles/kaputnik.dir/home/herzog/pico/pico-sdk/lib/tinyusb/src/class/cdc/cdc_device.c.o
                0x10006cc8                tud_cdc_n_connected
 .text.tud_cdc_n_available
                0x10006cf4       0x14 CMakeFiles/kaputnik.dir/home/herzog/pico/pico-sdk/lib/tinyusb/src/class/cdc/cdc_device.c.o
                0x10006cf4                tud_cdc_n_available
 .text.tud_cdc_n_read
                0x10006d08       0x94 CMakeFiles/kaputnik.dir/home/herzog/pico/pico-sdk/lib/tinyusb/src/class/cdc/cdc_device.c.o
                0x10006d08                tud_cdc_n_read
 .text.tud_cdc_n_write_flush
                0x10006d9c       0x74 CMakeFiles/kaputnik.dir/home/herzog/pico/pico-sdk/lib/tinyusb/src/class/cdc/cdc_device.c.o
                0x10006d9c                tud_cdc_n_write_flush
 .text.tud_cdc_n_write
                0x10006e10       0x40 CMakeFiles/kaputnik.dir/home/herzog/pico/pico-sdk/lib/tinyusb/src/class/cdc/cdc_device.c.o
                0x10006e10                tud_cdc_n_write
 .text.tud_cdc_n_write_available
                0x10006e50       0x14 CMakeFiles/kaputnik.dir/home/herzog/pico/pico-sdk/lib/tinyusb/src/class/cdc/cdc_device.c.o
                0x10006e50                tud_cdc_n_write_available
 .text.cdcd_init
                0x10006e64       0x70 CMakeFiles/kaputnik.dir/home/herzog/pico/pico-sdk/lib/tinyusb/src/class/cdc/cdc_device.c.o
                0x10006e64                cdcd_init
 .text.cdcd_deinit
                0x10006ed4       0x34 CMakeFiles/kaputnik.dir/home/herzog/pico/pico-sdk/lib/tinyusb/src/class/cdc/cdc_device.c.o
                0x10006ed4                cdcd_deinit
 .text.cdcd_reset
                0x10006f08       0x4c CMakeFiles/kaputnik.dir/home/herzog/pico/pico-sdk/lib/tinyusb/src/class/cdc/cdc_device.c.o
                0x10006f08                cdcd_reset
 .text.cdcd_open
                0x10006f54       0xa8 CMakeFiles/kaputnik.dir/home/herzog/pico/pico-sdk/lib/tinyusb/src/class/cdc/cdc_device.c.o
                0x10006f54                cdcd_open
 .text.cdcd_control_xfer_cb
                0x10006ffc       0xe8 CMakeFiles/kaputnik.dir/home/herzog/pico/pico-sdk/lib/tinyusb/src/class/cdc/cdc_device.c.o
                0x10006ffc                cdcd_control_xfer_cb
 .text.cdcd_xfer_cb
                0x100070e4      0x100 CMakeFiles/kaputnik.dir/home/herzog/pico/pico-sdk/lib/tinyusb/src/class/cdc/cdc_device.c.o
                0x100070e4                cdcd_xfer_cb
 .text.vendord_init
                0x100071e4       0x5c CMakeFiles/kaputnik.dir/home/herzog/pico/pico-sdk/lib/tinyusb/src/class/vendor/vendor_device.c.o
                0x100071e4                vendord_init
 .text.vendord_deinit
                0x10007240       0x1c CMakeFiles/kaputnik.dir/home/herzog/pico/pico-sdk/lib/tinyusb/src/class/vendor/vendor_device.c.o
                0x10007240                vendord_deinit
 .text.vendord_reset
                0x1000725c       0x28 CMakeFiles/kaputnik.dir/home/herzog/pico/pico-sdk/lib/tinyusb/src/class/vendor/vendor_device.c.o
                0x1000725c                vendord_reset
 .text.vendord_open
                0x10007284      0x128 CMakeFiles/kaputnik.dir/home/herzog/pico/pico-sdk/lib/tinyusb/src/class/vendor/vendor_device.c.o
                0x10007284                vendord_open
 .text.vendord_xfer_cb
                0x100073ac       0x9c CMakeFiles/kaputnik.dir/home/herzog/pico/pico-sdk/lib/tinyusb/src/class/vendor/vendor_device.c.o
                0x100073ac                vendord_xfer_cb
 .text.tusb_rhport_init
                0x10007448       0x48 CMakeFiles/kaputnik.dir/home/herzog/pico/pico-sdk/lib/tinyusb/src/tusb.c.o
                0x10007448                tusb_rhport_init
 .text.tu_edpt_claim
                0x10007490       0x50 CMakeFiles/kaputnik.dir/home/herzog/pico/pico-sdk/lib/tinyusb/src/tusb.c.o
                0x10007490                tu_edpt_claim
 .text.tu_edpt_release
                0x100074e0       0x38 CMakeFiles/kaputnik.dir/home/herzog/pico/pico-sdk/lib/tinyusb/src/tusb.c.o
                0x100074e0                tu_edpt_release
 .text.tu_edpt_validate
                0x10007518       0x7c CMakeFiles/kaputnik.dir/home/herzog/pico/pico-sdk/lib/tinyusb/src/tusb.c.o
                0x10007518                tu_edpt_validate
 .text.tu_edpt_bind_driver
                0x10007594       0x34 CMakeFiles/kaputnik.dir/home/herzog/pico/pico-sdk/lib/tinyusb/src/tusb.c.o
                0x10007594                tu_edpt_bind_driver
 .text.tu_edpt_stream_init
                0x100075c8       0x6c CMakeFiles/kaputnik.dir/home/herzog/pico/pico-sdk/lib/tinyusb/src/tusb.c.o
                0x100075c8                tu_edpt_stream_init
 .text.tu_edpt_stream_deinit
                0x10007634        0x4 CMakeFiles/kaputnik.dir/home/herzog/pico/pico-sdk/lib/tinyusb/src/tusb.c.o
                0x10007634                tu_edpt_stream_deinit
 .text.tu_edpt_stream_write_zlp_if_needed
                0x10007638       0x68 CMakeFiles/kaputnik.dir/home/herzog/pico/pico-sdk/lib/tinyusb/src/tusb.c.o
                0x10007638                tu_edpt_stream_write_zlp_if_needed
 .text.tu_edpt_stream_write_xfer
                0x100076a0       0x64 CMakeFiles/kaputnik.dir/home/herzog/pico/pico-sdk/lib/tinyusb/src/tusb.c.o
                0x100076a0                tu_edpt_stream_write_xfer
 .text.tu_edpt_stream_read_xfer
                0x10007704       0xdc CMakeFiles/kaputnik.dir/home/herzog/pico/pico-sdk/lib/tinyusb/src/tusb.c.o
                0x10007704                tu_edpt_stream_read_xfer
 .text.tu_fifo_config
                0x100077e0       0x6c CMakeFiles/kaputnik.dir/home/herzog/pico/pico-sdk/lib/tinyusb/src/common/tusb_fifo.c.o
                0x100077e0                tu_fifo_config
 .text.tu_fifo_count
                0x1000784c       0x2c CMakeFiles/kaputnik.dir/home/herzog/pico/pico-sdk/lib/tinyusb/src/common/tusb_fifo.c.o
                0x1000784c                tu_fifo_count
 .text.tu_fifo_empty
                0x10007878       0x10 CMakeFiles/kaputnik.dir/home/herzog/pico/pico-sdk/lib/tinyusb/src/common/tusb_fifo.c.o
                0x10007878                tu_fifo_empty
 .text.tu_fifo_remaining
                0x10007888       0x2c CMakeFiles/kaputnik.dir/home/herzog/pico/pico-sdk/lib/tinyusb/src/common/tusb_fifo.c.o
                0x10007888                tu_fifo_remaining
 .text.tu_fifo_read
                0x100078b4       0x9c CMakeFiles/kaputnik.dir/home/herzog/pico/pico-sdk/lib/tinyusb/src/common/tusb_fifo.c.o
                0x100078b4                tu_fifo_read
 .text.tu_fifo_read_n
                0x10007950       0xe8 CMakeFiles/kaputnik.dir/home/herzog/pico/pico-sdk/lib/tinyusb/src/common/tusb_fifo.c.o
                0x10007950                tu_fifo_read_n
 .text.tu_fifo_write
                0x10007a38       0xa8 CMakeFiles/kaputnik.dir/home/herzog/pico/pico-sdk/lib/tinyusb/src/common/tusb_fifo.c.o
                0x10007a38                tu_fifo_write
 .text.tu_fifo_write_n
                0x10007ae0      0x178 CMakeFiles/kaputnik.dir/home/herzog/pico/pico-sdk/lib/tinyusb/src/common/tusb_fifo.c.o
                0x10007ae0                tu_fifo_write_n
 .text.tu_fifo_clear
                0x10007c58       0x40 CMakeFiles/kaputnik.dir/home/herzog/pico/pico-sdk/lib/tinyusb/src/common/tusb_fifo.c.o
                0x10007c58                tu_fifo_clear
 .text.tu_fifo_set_overwritable
                0x10007c98       0x48 CMakeFiles/kaputnik.dir/home/herzog/pico/pico-sdk/lib/tinyusb/src/common/tusb_fifo.c.o
                0x10007c98                tu_fifo_set_overwritable
 .text.spi_init
                0x10007ce0      0x13c CMakeFiles/kaputnik.dir/home/herzog/pico/pico-sdk/src/rp2_common/hardware_spi/spi.c.o
                0x10007ce0                spi_init
 .text          0x10007e1c       0x88 /usr/lib/gcc/arm-none-eabi/13.2.1/../../../arm-none-eabi/lib/thumb/v6-m/nofp/libg.a(libc_a-strcmp.o)
                0x10007e1c                strcmp
 .text          0x10007ea4       0x10 /usr/lib/gcc/arm-none-eabi/13.2.1/../../../arm-none-eabi/lib/thumb/v6-m/nofp/libg.a(libc_a-atexit.o)
                0x10007ea4                atexit
 .text          0x10007eb4       0x5c /usr/lib/gcc/arm-none-eabi/13.2.1/../../../arm-none-eabi/lib/thumb/v6-m/nofp/libg.a(libc_a-strlen-stub.o)
                0x10007eb4                strlen
 .text          0x10007f10       0x28 /usr/lib/gcc/arm-none-eabi/13.2.1/../../../arm-none-eabi/lib/thumb/v6-m/nofp/libg.a(libc_a-fini.o)
                0x10007f10                __libc_fini_array
 .text          0x10007f38       0x78 /usr/lib/gcc/arm-none-eabi/13.2.1/../../../arm-none-eabi/lib/thumb/v6-m/nofp/libg.a(libc_a-__atexit.o)
                0x10007f38                __register_exitproc
 .text.startup  0x10007fb0       0x18 /usr/lib/gcc/arm-none-eabi/13.2.1/../../../arm-none-eabi/lib/thumb/v6-m/nofp/libg.a(libc_a-__call_atexit.o)
 *(.fini)
 .fini          0x10007fc8        0x4 /usr/lib/gcc/arm-none-eabi/13.2.1/thumb/v6-m/nofp/crti.o
                0x10007fc8                _fini
 *fill*         0x10007fcc        0x4 
 .fini.__stub   0x10007fd0       0xe0 linker stubs
 *crtbegin.o(.ctors)
 *crtbegin?.o(.ctors)
 *(EXCLUDE_FILE(*crtend.o *crtend?.o) .ctors)
 *(SORT_BY_NAME(.ctors.*))
 *(.ctors)
 *crtbegin.o(.dtors)
 *crtbegin?.o(.dtors)
 *(EXCLUDE_FILE(*crtend.o *crtend?.o) .dtors)
 *(SORT_BY_NAME(.dtors.*))
 *(.dtors)
                0x100080b0                        . = ALIGN (0x4)
                0x100080b0                        PROVIDE (__preinit_array_start = .)
 *(SORT_BY_NAME(.preinit_array.*))
 .preinit_array.00100
                0x100080b0        0x4 CMakeFiles/kaputnik.dir/home/herzog/pico/pico-sdk/src/rp2_common/pico_runtime_init/runtime_init.c.o
                0x100080b0                __pre_init_runtime_init_early_resets
 .preinit_array.00101
                0x100080b4        0x4 CMakeFiles/kaputnik.dir/home/herzog/pico/pico-sdk/src/rp2_common/pico_runtime_init/runtime_init.c.o
                0x100080b4                __pre_init_runtime_init_usb_power_down
 .preinit_array.00275
                0x100080b8        0x4 CMakeFiles/kaputnik.dir/home/herzog/pico/pico-sdk/src/rp2_common/pico_bit_ops/bit_ops_aeabi.S.o
 .preinit_array.00300
                0x100080bc        0x4 CMakeFiles/kaputnik.dir/home/herzog/pico/pico-sdk/src/rp2_common/pico_mem_ops/mem_ops_aeabi.S.o
 .preinit_array.00350
                0x100080c0        0x4 CMakeFiles/kaputnik.dir/home/herzog/pico/pico-sdk/src/rp2_common/pico_double/double_aeabi_rp2040.S.o
 .preinit_array.00350
                0x100080c4        0x4 CMakeFiles/kaputnik.dir/home/herzog/pico/pico-sdk/src/rp2_common/pico_float/float_aeabi_rp2040.S.o
 .preinit_array.00500
                0x100080c8        0x4 CMakeFiles/kaputnik.dir/home/herzog/pico/pico-sdk/src/rp2_common/pico_runtime_init/runtime_init.c.o
                0x100080c8                __pre_init_runtime_init_clocks
 .preinit_array.00600
                0x100080cc        0x4 CMakeFiles/kaputnik.dir/home/herzog/pico/pico-sdk/src/rp2_common/pico_runtime_init/runtime_init.c.o
                0x100080cc                __pre_init_runtime_init_post_clock_resets
 .preinit_array.00700
                0x100080d0        0x4 CMakeFiles/kaputnik.dir/home/herzog/pico/pico-sdk/src/rp2_common/pico_runtime_init/runtime_init.c.o
                0x100080d0                __pre_init_runtime_init_rp2040_gpio_ie_disable
 .preinit_array.01000
                0x100080d4        0x4 CMakeFiles/kaputnik.dir/home/herzog/pico/pico-sdk/src/rp2_common/pico_runtime_init/runtime_init.c.o
                0x100080d4                __pre_init_runtime_init_spin_locks_reset
 .preinit_array.01100
                0x100080d8        0x4 CMakeFiles/kaputnik.dir/home/herzog/pico/pico-sdk/src/common/pico_sync/mutex.c.o
                0x100080d8                __pre_init_runtime_init_mutex
 .preinit_array.10080
                0x100080dc        0x4 CMakeFiles/kaputnik.dir/home/herzog/pico/pico-sdk/src/rp2_common/pico_runtime_init/runtime_init.c.o
                0x100080dc                __pre_init_runtime_init_install_ram_vector_table
 .preinit_array.11000
                0x100080e0        0x4 CMakeFiles/kaputnik.dir/home/herzog/pico/pico-sdk/src/common/pico_time/time.c.o
                0x100080e0                __pre_init_runtime_init_default_alarm_pool
 .preinit_array.YYYYY
                0x100080e4        0x4 CMakeFiles/kaputnik.dir/home/herzog/pico/pico-sdk/src/rp2_common/pico_runtime/runtime.c.o
                0x100080e4                __pre_init_first_per_core_initializer
 .preinit_array.ZZZZZ.01200
                0x100080e8        0x4 CMakeFiles/kaputnik.dir/home/herzog/pico/pico-sdk/src/rp2_common/hardware_irq/irq.c.o
                0x100080e8                __pre_init_runtime_init_per_core_irq_priorities
 *(.preinit_array)
                0x100080ec                        PROVIDE (__preinit_array_end = .)
                0x100080ec                        . = ALIGN (0x4)
                0x100080ec                        PROVIDE (__init_array_start = .)
 *(SORT_BY_NAME(.init_array.*))
 .init_array.00000
                0x100080ec        0x4 /usr/lib/gcc/arm-none-eabi/13.2.1/../../../arm-none-eabi/lib/thumb/v6-m/nofp/libg.a(libc_a-__call_atexit.o)
 .init_array.01000
                0x100080f0        0x4 CMakeFiles/kaputnik.dir/home/herzog/pico/pico-sdk/src/rp2_common/pico_unique_id/unique_id.c.o
 *(.init_array)
 .init_array    0x100080f4        0x4 /usr/lib/gcc/arm-none-eabi/13.2.1/thumb/v6-m/nofp/crtbegin.o
                0x100080f8                        PROVIDE (__init_array_end = .)
                0x100080f8                        . = ALIGN (0x4)
                0x100080f8                        PROVIDE (__fini_array_start = .)
 *(SORT_BY_NAME(.fini_array.*))
 *(.fini_array)
                0x100080f8                        PROVIDE (__fini_array_end = .)
 *(.eh_frame*)
 .eh_frame      0x100080f8        0x0 /usr/lib/gcc/arm-none-eabi/13.2.1/thumb/v6-m/nofp/crtbegin.o
                0x100080f8                        . = ALIGN (0x4)

.glue_7         0x100080f8        0x0
 .glue_7        0x100080f8        0x0 linker stubs

.glue_7t        0x100080f8        0x0
 .glue_7t       0x100080f8        0x0 linker stubs

.vfp11_veneer   0x100080f8        0x0
 .vfp11_veneer  0x100080f8        0x0 linker stubs

.v4_bx          0x100080f8        0x0
 .v4_bx         0x100080f8        0x0 linker stubs

.iplt           0x100080f8        0x0
 .iplt          0x100080f8        0x0 /usr/lib/gcc/arm-none-eabi/13.2.1/thumb/v6-m/nofp/crtbegin.o

.rodata         0x100080f8      0x9ec
 *(EXCLUDE_FILE(*libm.a: *libc.a:*lib_a-mem*.o *libgcc.a:) .rodata*)
 .rodata.main.str1.4
                0x100080f8      0x548 CMakeFiles/kaputnik.dir/src/main.c.o
                                0x3d2 (size before relaxing)
 .rodata.panic.str1.4
                0x10008640       0x12 CMakeFiles/kaputnik.dir/home/herzog/pico/pico-sdk/src/rp2_common/pico_platform_panic/panic.c.o
 .rodata.spin_lock_claim_unused.str1.4
                0x10008640       0x1b CMakeFiles/kaputnik.dir/home/herzog/pico/pico-sdk/src/rp2_common/hardware_sync/sync.c.o
 .rodata.user_irq_claim_unused.str1.4
                0x10008640       0x1b CMakeFiles/kaputnik.dir/home/herzog/pico/pico-sdk/src/rp2_common/hardware_irq/irq.c.o
 .rodata.timer_hardware_alarm_claim.str1.4
                0x10008640       0x22 CMakeFiles/kaputnik.dir/home/herzog/pico/pico-sdk/src/rp2_common/hardware_timer/timer.c.o
 .rodata.hard_assertion_failure.str1.4
                0x10008640        0xc CMakeFiles/kaputnik.dir/home/herzog/pico/pico-sdk/src/rp2_common/pico_runtime/runtime.c.o
 .rodata.str1.4
                0x10008640       0x40 CMakeFiles/kaputnik.dir/home/herzog/pico/pico-sdk/src/rp2_common/pico_standard_binary_info/standard_binary_info.c.o
 .rodata.__bi_84
                0x10008640        0xc CMakeFiles/kaputnik.dir/home/herzog/pico/pico-sdk/src/rp2_common/pico_standard_binary_info/standard_binary_info.c.o
 .rodata.__bi_78
                0x1000864c        0xc CMakeFiles/kaputnik.dir/home/herzog/pico/pico-sdk/src/rp2_common/pico_standard_binary_info/standard_binary_info.c.o
 .rodata.__bi_54
                0x10008658        0xc CMakeFiles/kaputnik.dir/home/herzog/pico/pico-sdk/src/rp2_common/pico_standard_binary_info/standard_binary_info.c.o
 .rodata.__bi_48
                0x10008664        0xc CMakeFiles/kaputnik.dir/home/herzog/pico/pico-sdk/src/rp2_common/pico_standard_binary_info/standard_binary_info.c.o
 .rodata.__bi_42
                0x10008670        0xc CMakeFiles/kaputnik.dir/home/herzog/pico/pico-sdk/src/rp2_common/pico_standard_binary_info/standard_binary_info.c.o
 .rodata.__bi_34
                0x1000867c        0xc CMakeFiles/kaputnik.dir/home/herzog/pico/pico-sdk/src/rp2_common/pico_standard_binary_info/standard_binary_info.c.o
 .rodata.__bi_26
                0x10008688        0xc CMakeFiles/kaputnik.dir/home/herzog/pico/pico-sdk/src/rp2_common/pico_standard_binary_info/standard_binary_info.c.o
 .rodata._ftoa.str1.4
                0x10008694       0x15 CMakeFiles/kaputnik.dir/home/herzog/pico/pico-sdk/src/rp2_common/pico_printf/printf.c.o
 .rodata._vsnprintf
                0x10008694      0x19c CMakeFiles/kaputnik.dir/home/herzog/pico/pico-sdk/src/rp2_common/pico_printf/printf.c.o
 .rodata.pow10.0
                0x10008830       0x50 CMakeFiles/kaputnik.dir/home/herzog/pico/pico-sdk/src/rp2_common/pico_printf/printf.c.o
 .rodata.crlf_str.0
                0x10008880        0x2 CMakeFiles/kaputnik.dir/home/herzog/pico/pico-sdk/src/rp2_common/pico_stdio/stdio.c.o
 *fill*         0x10008882        0x2 
 .rodata._resetd_driver
                0x10008884       0x20 CMakeFiles/kaputnik.dir/home/herzog/pico/pico-sdk/src/rp2_common/pico_stdio_usb/reset_interface.c.o
 .rodata.desc_ms_os_20
                0x100088a4       0xa6 CMakeFiles/kaputnik.dir/home/herzog/pico/pico-sdk/src/rp2_common/pico_stdio_usb/reset_interface.c.o
 *fill*         0x1000894a        0x2 
 .rodata.desc_bos
                0x1000894c       0x21 CMakeFiles/kaputnik.dir/home/herzog/pico/pico-sdk/src/rp2_common/pico_stdio_usb/reset_interface.c.o
                0x1000894c                desc_bos
 .rodata.str1.4
                0x1000896d       0x13 CMakeFiles/kaputnik.dir/home/herzog/pico/pico-sdk/src/rp2_common/pico_stdio_usb/stdio_usb.c.o
 *fill*         0x1000896d        0x3 
 .rodata.__bi_202.0
                0x10008970        0xc CMakeFiles/kaputnik.dir/home/herzog/pico/pico-sdk/src/rp2_common/pico_stdio_usb/stdio_usb.c.o
 .rodata.str1.4
                0x1000897c       0x2a CMakeFiles/kaputnik.dir/home/herzog/pico/pico-sdk/src/rp2_common/pico_stdio_usb/stdio_usb_descriptors.c.o
 .rodata.usbd_desc_str
                0x1000897c       0x18 CMakeFiles/kaputnik.dir/home/herzog/pico/pico-sdk/src/rp2_common/pico_stdio_usb/stdio_usb_descriptors.c.o
 .rodata.usbd_desc_cfg
                0x10008994       0x54 CMakeFiles/kaputnik.dir/home/herzog/pico/pico-sdk/src/rp2_common/pico_stdio_usb/stdio_usb_descriptors.c.o
 .rodata.usbd_desc_device
                0x100089e8       0x12 CMakeFiles/kaputnik.dir/home/herzog/pico/pico-sdk/src/rp2_common/pico_stdio_usb/stdio_usb_descriptors.c.o
 .rodata.str1.4
                0x100089fa       0x14 CMakeFiles/kaputnik.dir/home/herzog/pico/pico-sdk/lib/tinyusb/src/portable/raspberrypi/rp2040/dcd_rp2040.c.o
 .rodata.str1.4
                0x100089fa       0x48 CMakeFiles/kaputnik.dir/home/herzog/pico/pico-sdk/lib/tinyusb/src/portable/raspberrypi/rp2040/rp2040_usb.c.o
 *fill*         0x100089fa        0x2 
 .rodata.tud_task_ext
                0x100089fc       0x8c CMakeFiles/kaputnik.dir/home/herzog/pico/pico-sdk/lib/tinyusb/src/device/usbd.c.o
 .rodata        0x10008a88       0x1c CMakeFiles/kaputnik.dir/home/herzog/pico/pico-sdk/lib/tinyusb/src/device/usbd.c.o
 .rodata._usbd_driver
                0x10008aa4       0x40 CMakeFiles/kaputnik.dir/home/herzog/pico/pico-sdk/lib/tinyusb/src/device/usbd.c.o
                0x10008ae4                        . = ALIGN (0x4)
 *(SORT_BY_ALIGNMENT(SORT_BY_NAME(.flashdata*)))
                0x10008ae4                        . = ALIGN (0x4)

.ARM.extab
 *(.ARM.extab* .gnu.linkonce.armextab.*)
                0x10008ae4                        __exidx_start = .

.ARM.exidx
 *(.ARM.exidx* .gnu.linkonce.armexidx.*)
                0x10008ae4                        __exidx_end = .
                0x10008ae4                        . = ALIGN (0x4)
                0x10008ae4                        __binary_info_start = .

.binary_info    0x10008ae4       0x20
 *(.binary_info.keep.*)
 .binary_info.keep.__bi_ptr84
                0x10008ae4        0x4 CMakeFiles/kaputnik.dir/home/herzog/pico/pico-sdk/src/rp2_common/pico_standard_binary_info/standard_binary_info.c.o
 .binary_info.keep.__bi_ptr78
                0x10008ae8        0x4 CMakeFiles/kaputnik.dir/home/herzog/pico/pico-sdk/src/rp2_common/pico_standard_binary_info/standard_binary_info.c.o
 .binary_info.keep.__bi_ptr54
                0x10008aec        0x4 CMakeFiles/kaputnik.dir/home/herzog/pico/pico-sdk/src/rp2_common/pico_standard_binary_info/standard_binary_info.c.o
 .binary_info.keep.__bi_ptr48
                0x10008af0        0x4 CMakeFiles/kaputnik.dir/home/herzog/pico/pico-sdk/src/rp2_common/pico_standard_binary_info/standard_binary_info.c.o
 .binary_info.keep.__bi_ptr42
                0x10008af4        0x4 CMakeFiles/kaputnik.dir/home/herzog/pico/pico-sdk/src/rp2_common/pico_standard_binary_info/standard_binary_info.c.o
 .binary_info.keep.__bi_ptr34
                0x10008af8        0x4 CMakeFiles/kaputnik.dir/home/herzog/pico/pico-sdk/src/rp2_common/pico_standard_binary_info/standard_binary_info.c.o
 .binary_info.keep.__bi_ptr26
                0x10008afc        0x4 CMakeFiles/kaputnik.dir/home/herzog/pico/pico-sdk/src/rp2_common/pico_standard_binary_info/standard_binary_info.c.o
 *(.binary_info.*)
 .binary_info.__bi_ptr202
                0x10008b00        0x4 CMakeFiles/kaputnik.dir/home/herzog/pico/pico-sdk/src/rp2_common/pico_stdio_usb/stdio_usb.c.o
                0x10008b04                        __binary_info_end = .
                0x10008b04                        . = ALIGN (0x4)

.ram_vector_table
                0x20000000       0xc0
 *(.ram_vector_table)
 .ram_vector_table
                0x20000000       0xc0 CMakeFiles/kaputnik.dir/home/herzog/pico/pico-sdk/src/rp2_common/pico_runtime_init/runtime_init.c.o
                0x20000000                ram_vector_table

.uninitialized_data
                0x200000c0        0x0
                0x200000c0                        . = ALIGN (0x4)
 *(.uninitialized_data*)

.data           0x200000c0     0x1070 load address 0x10008b04
                0x200000c0                        __data_start__ = .
 *(vtable)
 *(.time_critical*)
 .time_critical.mutex_try_enter
                0x200000c0       0x40 CMakeFiles/kaputnik.dir/home/herzog/pico/pico-sdk/src/common/pico_sync/mutex.c.o
                0x200000c0                mutex_try_enter
 .time_critical.mutex_try_enter_block_until
                0x20000100       0x9c CMakeFiles/kaputnik.dir/home/herzog/pico/pico-sdk/src/common/pico_sync/mutex.c.o
                0x20000100                mutex_try_enter_block_until
 .time_critical.mutex_enter_timeout_ms
                0x2000019c       0x90 CMakeFiles/kaputnik.dir/home/herzog/pico/pico-sdk/src/common/pico_sync/mutex.c.o
                0x2000019c                mutex_enter_timeout_ms
 .time_critical.mutex_exit
                0x2000022c       0x28 CMakeFiles/kaputnik.dir/home/herzog/pico/pico-sdk/src/common/pico_sync/mutex.c.o
                0x2000022c                mutex_exit
 .time_critical.flash_init_boot2_copyout
                0x20000254       0x30 CMakeFiles/kaputnik.dir/home/herzog/pico/pico-sdk/src/rp2_common/hardware_flash/flash.c.o
 .time_critical.flash_enable_xip_via_boot2
                0x20000284        0xc CMakeFiles/kaputnik.dir/home/herzog/pico/pico-sdk/src/rp2_common/hardware_flash/flash.c.o
 .time_critical.flash_save_hardware_state
                0x20000290       0x20 CMakeFiles/kaputnik.dir/home/herzog/pico/pico-sdk/src/rp2_common/hardware_flash/flash.c.o
 .time_critical.flash_restore_hardware_state
                0x200002b0       0x20 CMakeFiles/kaputnik.dir/home/herzog/pico/pico-sdk/src/rp2_common/hardware_flash/flash.c.o
 .time_critical.flash_cs_force
                0x200002d0       0x38 CMakeFiles/kaputnik.dir/home/herzog/pico/pico-sdk/src/rp2_common/hardware_flash/flash.c.o
 .time_critical.flash_do_cmd
                0x20000308       0xd0 CMakeFiles/kaputnik.dir/home/herzog/pico/pico-sdk/src/rp2_common/hardware_flash/flash.c.o
                0x20000308                flash_do_cmd
 .time_critical.reset_non_control_endpoints
                0x200003d8       0x68 CMakeFiles/kaputnik.dir/home/herzog/pico/pico-sdk/lib/tinyusb/src/portable/raspberrypi/rp2040/dcd_rp2040.c.o
 .time_critical.hw_handle_buff_status
                0x20000440       0xa0 CMakeFiles/kaputnik.dir/home/herzog/pico/pico-sdk/lib/tinyusb/src/portable/raspberrypi/rp2040/dcd_rp2040.c.o
 .time_critical.dcd_rp2040_irq
                0x200004e0      0x544 CMakeFiles/kaputnik.dir/home/herzog/pico/pico-sdk/lib/tinyusb/src/portable/raspberrypi/rp2040/dcd_rp2040.c.o
 .time_critical.prepare_ep_buffer
                0x20000a24       0xe0 CMakeFiles/kaputnik.dir/home/herzog/pico/pico-sdk/lib/tinyusb/src/portable/raspberrypi/rp2040/rp2040_usb.c.o
 .time_critical.sync_ep_buffer
                0x20000b04       0xa8 CMakeFiles/kaputnik.dir/home/herzog/pico/pico-sdk/lib/tinyusb/src/portable/raspberrypi/rp2040/rp2040_usb.c.o
 .time_critical._hw_endpoint_xfer_sync
                0x20000bac       0x28 CMakeFiles/kaputnik.dir/home/herzog/pico/pico-sdk/lib/tinyusb/src/portable/raspberrypi/rp2040/rp2040_usb.c.o
 .time_critical.e15_is_bulkin_ep
                0x20000bd4       0x28 CMakeFiles/kaputnik.dir/home/herzog/pico/pico-sdk/lib/tinyusb/src/portable/raspberrypi/rp2040/rp2040_usb.c.o
 .time_critical.e15_is_critical_frame_period
                0x20000bfc       0x34 CMakeFiles/kaputnik.dir/home/herzog/pico/pico-sdk/lib/tinyusb/src/portable/raspberrypi/rp2040/rp2040_usb.c.o
 .time_critical.hw_endpoint_reset_transfer
                0x20000c30        0xc CMakeFiles/kaputnik.dir/home/herzog/pico/pico-sdk/lib/tinyusb/src/portable/raspberrypi/rp2040/rp2040_usb.c.o
                0x20000c30                hw_endpoint_reset_transfer
 .time_critical._hw_endpoint_buffer_control_update32
                0x20000c3c       0x50 CMakeFiles/kaputnik.dir/home/herzog/pico/pico-sdk/lib/tinyusb/src/portable/raspberrypi/rp2040/rp2040_usb.c.o
                0x20000c3c                _hw_endpoint_buffer_control_update32
 .time_critical.hw_endpoint_start_next_buffer
                0x20000c8c       0x6c CMakeFiles/kaputnik.dir/home/herzog/pico/pico-sdk/lib/tinyusb/src/portable/raspberrypi/rp2040/rp2040_usb.c.o
                0x20000c8c                hw_endpoint_start_next_buffer
 .time_critical.hw_endpoint_xfer_continue
                0x20000cf8       0x40 CMakeFiles/kaputnik.dir/home/herzog/pico/pico-sdk/lib/tinyusb/src/portable/raspberrypi/rp2040/rp2040_usb.c.o
                0x20000cf8                hw_endpoint_xfer_continue
 .time_critical.tinyusb
                0x20000d38      0x1e4 CMakeFiles/kaputnik.dir/home/herzog/pico/pico-sdk/lib/tinyusb/src/device/usbd.c.o
                0x20000d38                dcd_event_handler
 .time_critical.spi_write_blocking
                0x20000f1c       0x4c CMakeFiles/kaputnik.dir/home/herzog/pico/pico-sdk/src/rp2_common/hardware_spi/spi.c.o
                0x20000f1c                spi_write_blocking
 .time_critical.spi_read_blocking
                0x20000f68       0x70 CMakeFiles/kaputnik.dir/home/herzog/pico/pico-sdk/src/rp2_common/hardware_spi/spi.c.o
                0x20000f68                spi_read_blocking
 *(.text*)
 .text          0x20000fd8        0x4 /usr/lib/gcc/arm-none-eabi/13.2.1/thumb/v6-m/nofp/libgcc.a(_dvmd_tls.o)
                0x20000fd8                __aeabi_ldiv0
                0x20000fd8                __aeabi_idiv0
 *fill*         0x20000fdc        0x4 
 .text.__stub   0x20000fe0       0x80 linker stubs
                0x20001060                        . = ALIGN (0x4)
 *(.rodata*)
                0x20001060                        . = ALIGN (0x4)
 *(.data*)
 .data.striped_spin_lock_num
                0x20001060        0x1 CMakeFiles/kaputnik.dir/home/herzog/pico/pico-sdk/src/rp2_common/hardware_sync/sync.c.o
 *fill*         0x20001061        0x3 
 .data          0x20001064       0x48 CMakeFiles/kaputnik.dir/home/herzog/pico/pico-sdk/src/rp2_common/hardware_irq/irq_handler_chain.S.o
                0x20001064                irq_handler_chain_slots
                0x20001094                irq_handler_chain_first_slot
                0x2000109e                irq_handler_chain_remove_tail
 .data.default_alarm_pool
                0x200010ac       0x18 CMakeFiles/kaputnik.dir/home/herzog/pico/pico-sdk/src/common/pico_time/time.c.o
 *fill*         0x200010c4        0xc 
 .data.aeabi_bits_funcs
                0x200010d0       0x10 CMakeFiles/kaputnik.dir/home/herzog/pico/pico-sdk/src/rp2_common/pico_bit_ops/bit_ops_aeabi.S.o
                0x200010d0                aeabi_bits_funcs
                0x200010e0                aeabi_bits_funcs_end
 .data.aeabi_mem_funcs
                0x200010e0       0x10 CMakeFiles/kaputnik.dir/home/herzog/pico/pico-sdk/src/rp2_common/pico_mem_ops/mem_ops_aeabi.S.o
                0x200010e0                aeabi_mem_funcs
                0x200010f0                aeabi_mem_funcs_end
 .data.stdio_usb
                0x200010f0       0x18 CMakeFiles/kaputnik.dir/home/herzog/pico/pico-sdk/src/rp2_common/pico_stdio_usb/stdio_usb.c.o
                0x200010f0                stdio_usb
 .data._usbd_qdef
                0x20001108       0x1c CMakeFiles/kaputnik.dir/home/herzog/pico/pico-sdk/lib/tinyusb/src/device/usbd.c.o
                0x20001108                _usbd_qdef
 .data._usbd_rhport
                0x20001124        0x1 CMakeFiles/kaputnik.dir/home/herzog/pico/pico-sdk/lib/tinyusb/src/device/usbd.c.o
                0x20001128                        . = ALIGN (0x4)
 *fill*         0x20001125        0x3 
 *(.after_data.*)
                0x20001128                        . = ALIGN (0x4)
                0x20001128                        PROVIDE (__mutex_array_start = .)
 *(SORT_BY_NAME(.mutex_array.*))
 *(.mutex_array)
 .mutex_array   0x20001128        0x8 CMakeFiles/kaputnik.dir/home/herzog/pico/pico-sdk/src/rp2_common/pico_stdio/stdio.c.o
                0x20001130                        PROVIDE (__mutex_array_end = .)
                0x20001130                        . = ALIGN (0x4)
 *(.jcr)
                0x20001130                        . = ALIGN (0x4)

.tm_clone_table
                0x20001130        0x0 load address 0x10009b74
 .tm_clone_table
                0x20001130        0x0 /usr/lib/gcc/arm-none-eabi/13.2.1/thumb/v6-m/nofp/crtbegin.o
 .tm_clone_table
                0x20001130        0x0 /usr/lib/gcc/arm-none-eabi/13.2.1/thumb/v6-m/nofp/crtend.o

.igot.plt       0x20001130        0x0 load address 0x10009b74
 .igot.plt      0x20001130        0x0 /usr/lib/gcc/arm-none-eabi/13.2.1/thumb/v6-m/nofp/crtbegin.o

.tdata          0x20001130        0x0 load address 0x10009b74
                0x20001130                        . = ALIGN (0x4)
 *(.tdata .tdata.* .gnu.linkonce.td.*)
                0x20001130                        __tdata_end = .
                0x20001130                        PROVIDE (__data_end__ = .)
                0x10008b04                        __etext = LOADADDR (.data)

.tbss           0x20001130        0x0 load address 0x10009b74
                0x20001130                        . = ALIGN (0x4)
                0x20001130                        __bss_start__ = .
                0x20001130                        __tls_base = .
 *(.tbss .tbss.* .gnu.linkonce.tb.*)
 *(.tcommon)
                0x20001130                        __tls_end = .

.bss            0x20001130     0x11b4 load address 0x10009b74
                0x20001130                        . = ALIGN (0x4)
                0x20001130                        __tbss_end = .
 *(SORT_BY_ALIGNMENT(SORT_BY_NAME(.bss*)))
 .bss.default_alarm_pool_entries
                0x20001130      0x180 CMakeFiles/kaputnik.dir/home/herzog/pico/pico-sdk/src/common/pico_time/time.c.o
 .bss.last_avail_time.1
                0x200012b0        0x8 CMakeFiles/kaputnik.dir/home/herzog/pico/pico-sdk/src/rp2_common/pico_stdio_usb/stdio_usb.c.o
 .bss.sd_table  0x200012b8      0x100 CMakeFiles/kaputnik.dir/home/herzog/pico/pico-sdk/src/rp2_common/pico_double/double_init_rom_rp2040.c.o
                0x200012b8                sd_table
 .bss.sf_table  0x200013b8      0x100 CMakeFiles/kaputnik.dir/home/herzog/pico/pico-sdk/src/rp2_common/pico_float/float_init_rom_rp2040.c.o
                0x200013b8                sf_table
 .bss           0x200014b8       0x1c /usr/lib/gcc/arm-none-eabi/13.2.1/thumb/v6-m/nofp/crtbegin.o
 .bss           0x200014d4      0x190 /usr/lib/gcc/arm-none-eabi/13.2.1/../../../arm-none-eabi/lib/thumb/v6-m/nofp/libg.a(libc_a-__atexit.o)
                0x200014d4                __atexit0
 .bss           0x20001664        0x4 /usr/lib/gcc/arm-none-eabi/13.2.1/../../../arm-none-eabi/lib/thumb/v6-m/nofp/libg.a(libc_a-__call_atexit.o)
                0x20001664                __atexit
 .bss._app_driver
                0x20001668        0x4 CMakeFiles/kaputnik.dir/home/herzog/pico/pico-sdk/lib/tinyusb/src/device/usbd.c.o
 .bss._cdcd_epbuf
                0x2000166c       0x80 CMakeFiles/kaputnik.dir/home/herzog/pico/pico-sdk/lib/tinyusb/src/class/cdc/cdc_device.c.o
 .bss._cdcd_fifo_cfg
                0x200016ec        0x1 CMakeFiles/kaputnik.dir/home/herzog/pico/pico-sdk/lib/tinyusb/src/class/cdc/cdc_device.c.o
 *fill*         0x200016ed        0x3 
 .bss._cdcd_itf
                0x200016f0       0xc8 CMakeFiles/kaputnik.dir/home/herzog/pico/pico-sdk/lib/tinyusb/src/class/cdc/cdc_device.c.o
 .bss._ctrl_epbuf
                0x200017b8       0x40 CMakeFiles/kaputnik.dir/home/herzog/pico/pico-sdk/lib/tinyusb/src/device/usbd_control.c.o
 .bss._ctrl_xfer
                0x200017f8       0x14 CMakeFiles/kaputnik.dir/home/herzog/pico/pico-sdk/lib/tinyusb/src/device/usbd_control.c.o
 .bss._tusb_rhport_role
                0x2000180c        0x2 CMakeFiles/kaputnik.dir/home/herzog/pico/pico-sdk/lib/tinyusb/src/tusb.c.o
                0x2000180c                _tusb_rhport_role
 *fill*         0x2000180e        0x2 
 .bss._ubsd_mutexdef
                0x20001810        0x8 CMakeFiles/kaputnik.dir/home/herzog/pico/pico-sdk/lib/tinyusb/src/device/usbd.c.o
 .bss._usbd_dev
                0x20001818       0x54 CMakeFiles/kaputnik.dir/home/herzog/pico/pico-sdk/lib/tinyusb/src/device/usbd.c.o
 .bss._usbd_mutex
                0x2000186c        0x4 CMakeFiles/kaputnik.dir/home/herzog/pico/pico-sdk/lib/tinyusb/src/device/usbd.c.o
 .bss._usbd_q   0x20001870        0x4 CMakeFiles/kaputnik.dir/home/herzog/pico/pico-sdk/lib/tinyusb/src/device/usbd.c.o
 .bss._usbd_qdef_buf
                0x20001874       0xc0 CMakeFiles/kaputnik.dir/home/herzog/pico/pico-sdk/lib/tinyusb/src/device/usbd.c.o
                0x20001874                _usbd_qdef_buf
 .bss._vendord_epbuf
                0x20001934       0x80 CMakeFiles/kaputnik.dir/home/herzog/pico/pico-sdk/lib/tinyusb/src/class/vendor/vendor_device.c.o
 .bss._vendord_itf
                0x200019b4      0x24c CMakeFiles/kaputnik.dir/home/herzog/pico/pico-sdk/lib/tinyusb/src/class/vendor/vendor_device.c.o
 .bss.boot2_copyout
                0x20001c00      0x100 CMakeFiles/kaputnik.dir/home/herzog/pico/pico-sdk/src/rp2_common/hardware_flash/flash.c.o
 .bss.callbacks
                0x20001d00        0x8 CMakeFiles/kaputnik.dir/home/herzog/pico/pico-sdk/src/rp2_common/hardware_gpio/gpio.c.o
 .bss.chars_available_callback
                0x20001d08        0x4 CMakeFiles/kaputnik.dir/home/herzog/pico/pico-sdk/src/rp2_common/pico_stdio_usb/stdio_usb.c.o
 .bss.chars_available_param
                0x20001d0c        0x4 CMakeFiles/kaputnik.dir/home/herzog/pico/pico-sdk/src/rp2_common/pico_stdio_usb/stdio_usb.c.o
 .bss.claimed   0x20001d10        0x4 CMakeFiles/kaputnik.dir/home/herzog/pico/pico-sdk/src/rp2_common/hardware_sync/sync.c.o
 .bss.claimed   0x20001d14        0x1 CMakeFiles/kaputnik.dir/home/herzog/pico/pico-sdk/src/rp2_common/hardware_timer/timer.c.o
 *fill*         0x20001d15        0x3 
 .bss.configured_freq
                0x20001d18       0x28 CMakeFiles/kaputnik.dir/home/herzog/pico/pico-sdk/src/rp2_common/hardware_clocks/clocks.c.o
 .bss.desc_str.0
                0x20001d40       0x28 CMakeFiles/kaputnik.dir/home/herzog/pico/pico-sdk/src/rp2_common/pico_stdio_usb/stdio_usb_descriptors.c.o
 .bss.drivers   0x20001d68        0x4 CMakeFiles/kaputnik.dir/home/herzog/pico/pico-sdk/src/rp2_common/pico_stdio/stdio.c.o
 .bss.e15_last_sof
                0x20001d6c        0x4 CMakeFiles/kaputnik.dir/home/herzog/pico/pico-sdk/lib/tinyusb/src/portable/raspberrypi/rp2040/rp2040_usb.c.o
                0x20001d6c                e15_last_sof
 .bss.filter    0x20001d70        0x4 CMakeFiles/kaputnik.dir/home/herzog/pico/pico-sdk/src/rp2_common/pico_stdio/stdio.c.o
 .bss.flash_write_addr
                0x20001d74        0x4 CMakeFiles/kaputnik.dir/src/main.c.o
 .bss.hw_endpoints
                0x20001d78      0x400 CMakeFiles/kaputnik.dir/home/herzog/pico/pico-sdk/lib/tinyusb/src/portable/raspberrypi/rp2040/dcd_rp2040.c.o
 .bss.last_button_time
                0x20002178        0x4 CMakeFiles/kaputnik.dir/src/main.c.o
 .bss.lazy_vsnprintf
                0x2000217c        0x4 CMakeFiles/kaputnik.dir/home/herzog/pico/pico-sdk/src/rp2_common/pico_printf/printf.c.o
 .bss.load_value
                0x20002180        0x4 CMakeFiles/kaputnik.dir/home/herzog/pico/pico-sdk/src/rp2_common/hardware_watchdog/watchdog.c.o
 .bss.next_buffer_ptr
                0x20002184        0x4 CMakeFiles/kaputnik.dir/home/herzog/pico/pico-sdk/lib/tinyusb/src/portable/raspberrypi/rp2040/dcd_rp2040.c.o
 .bss.num_samples
                0x20002188        0x4 CMakeFiles/kaputnik.dir/src/main.c.o
 .bss.one_shot_timer_crit_sec
                0x2000218c        0x8 CMakeFiles/kaputnik.dir/home/herzog/pico/pico-sdk/src/rp2_common/pico_stdio_usb/stdio_usb.c.o
 .bss.page_buf  0x20002194      0x100 CMakeFiles/kaputnik.dir/src/main.c.o
 .bss.pools     0x20002294       0x10 CMakeFiles/kaputnik.dir/home/herzog/pico/pico-sdk/src/common/pico_time/time.c.o
 .bss.raw_irq_mask
                0x200022a4        0x8 CMakeFiles/kaputnik.dir/home/herzog/pico/pico-sdk/src/rp2_common/hardware_gpio/gpio.c.o
 .bss.retrieved_id
                0x200022ac        0x8 CMakeFiles/kaputnik.dir/home/herzog/pico/pico-sdk/src/rp2_common/pico_unique_id/unique_id.c.o
 .bss.sf_clz_func
                0x200022b4        0x4 CMakeFiles/kaputnik.dir/home/herzog/pico/pico-sdk/src/rp2_common/pico_double/double_init_rom_rp2040.c.o
                0x200022b4                sf_clz_func
 .bss.sleep_notifier
                0x200022b8        0x4 CMakeFiles/kaputnik.dir/home/herzog/pico/pico-sdk/src/common/pico_time/time.c.o
 .bss.stdio_usb_mutex
                0x200022bc        0x8 CMakeFiles/kaputnik.dir/home/herzog/pico/pico-sdk/src/rp2_common/pico_stdio_usb/stdio_usb.c.o
 .bss.usbd_serial_str
                0x200022c4       0x11 CMakeFiles/kaputnik.dir/home/herzog/pico/pico-sdk/src/rp2_common/pico_stdio_usb/stdio_usb_descriptors.c.o
 *fill*         0x200022d5        0x1 
 .bss.page_buf_pos
                0x200022d6        0x2 CMakeFiles/kaputnik.dir/src/main.c.o
 .bss._app_driver_count
                0x200022d8        0x1 CMakeFiles/kaputnik.dir/home/herzog/pico/pico-sdk/lib/tinyusb/src/device/usbd.c.o
 .bss._sof_enable
                0x200022d9        0x1 CMakeFiles/kaputnik.dir/home/herzog/pico/pico-sdk/lib/tinyusb/src/portable/raspberrypi/rp2040/dcd_rp2040.c.o
 .bss._usbd_queued_setup
                0x200022da        0x1 CMakeFiles/kaputnik.dir/home/herzog/pico/pico-sdk/lib/tinyusb/src/device/usbd.c.o
 .bss.boot2_copyout_valid
                0x200022db        0x1 CMakeFiles/kaputnik.dir/home/herzog/pico/pico-sdk/src/rp2_common/hardware_flash/flash.c.o
 .bss.irq_handler_chain_free_slot_head
                0x200022dc        0x1 CMakeFiles/kaputnik.dir/home/herzog/pico/pico-sdk/src/rp2_common/hardware_irq/irq.c.o
 .bss.itf_num   0x200022dd        0x1 CMakeFiles/kaputnik.dir/home/herzog/pico/pico-sdk/src/rp2_common/pico_stdio_usb/reset_interface.c.o
 .bss.low_priority_irq_num
                0x200022de        0x1 CMakeFiles/kaputnik.dir/home/herzog/pico/pico-sdk/src/rp2_common/pico_stdio_usb/stdio_usb.c.o
 .bss.one_shot_timer_pending
                0x200022df        0x1 CMakeFiles/kaputnik.dir/home/herzog/pico/pico-sdk/src/rp2_common/pico_stdio_usb/stdio_usb.c.o
 .bss.recording
                0x200022e0        0x1 CMakeFiles/kaputnik.dir/src/main.c.o
 .bss.user_irq_claimed
                0x200022e1        0x1 CMakeFiles/kaputnik.dir/home/herzog/pico/pico-sdk/src/rp2_common/hardware_irq/irq.c.o
 *(COMMON)
                0x200022e4                        . = ALIGN (0x4)
 *fill*         0x200022e2        0x2 
                0x200022e4                        __bss_end__ = .

.heap           0x200022e4      0x800 load address 0x10009b74
                0x200022e4                        __end__ = .
                0x200022e4                        end = __end__
 *(.heap*)
 .heap          0x200022e4      0x800 CMakeFiles/kaputnik.dir/home/herzog/pico/pico-sdk/src/rp2_common/pico_crt0/crt0.S.o
                0x20040000                        __HeapLimit = (ORIGIN (RAM) + LENGTH (RAM))

.scratch_x      0x20040000        0x0 load address 0x10009b74
                0x20040000                        __scratch_x_start__ = .
 *(.scratch_x.*)
                0x20040000                        . = ALIGN (0x4)
                0x20040000                        __scratch_x_end__ = .
                0x10009b74                        __scratch_x_source__ = LOADADDR (.scratch_x)

.scratch_y      0x20041000        0x0 load address 0x10009b74
                0x20041000                        __scratch_y_start__ = .
 *(.scratch_y.*)
                0x20041000                        . = ALIGN (0x4)
                0x20041000                        __scratch_y_end__ = .
                0x10009b74                        __scratch_y_source__ = LOADADDR (.scratch_y)

.stack1_dummy
 *(.stack1*)

.stack_dummy    0x20041000      0x800
 *(.stack*)
 .stack         0x20041000      0x800 CMakeFiles/kaputnik.dir/home/herzog/pico/pico-sdk/src/rp2_common/pico_crt0/crt0.S.o

.rel.dyn        0x20041800        0x0
 .rel.iplt      0x20041800        0x0 /usr/lib/gcc/arm-none-eabi/13.2.1/thumb/v6-m/nofp/crtbegin.o

.flash_end      0x10009b74        0x0
 *(.embedded_end_block*)
                0x10009b74                        PROVIDE (__flash_binary_end = .)
                0x20040000                        __StackLimit = (ORIGIN (RAM) + LENGTH (RAM))
                0x20041000                        __StackOneTop = (ORIGIN (SCRATCH_X) + LENGTH (SCRATCH_X))
                0x20042000                        __StackTop = (ORIGIN (SCRATCH_Y) + LENGTH (SCRATCH_Y))
                0x20041000                        __StackOneBottom = (__StackOneTop - SIZEOF (.stack1_dummy))
                0x20041800                        __StackBottom = (__StackTop - SIZEOF (.stack_dummy))
                0x20042000                        PROVIDE (__stack = __StackTop)
                [!provide]                        PROVIDE (__heap_start = __end__)
                [!provide]                        PROVIDE (__heap_end = __HeapLimit)
                [!provide]                        PROVIDE (__tls_align = MAX (ALIGNOF (.tdata), ALIGNOF (.tbss)))
                [!provide]                        PROVIDE (__tls_size_align = (((__tls_size + __tls_align) - 0x1) & ~ ((__tls_align - 0x1))))
                [!provide]                        PROVIDE (__arm32_tls_tcb_offset = MAX (0x8, __tls_align))
                [!provide]                        PROVIDE (_end = __end__)
                [!provide]                        PROVIDE (__llvm_libc_heap_limit = __HeapLimit)
                0x00000001                        ASSERT ((__StackLimit >= __HeapLimit), region RAM overflowed)
                0x00000001                        ASSERT (((__binary_info_header_end - __logical_binary_start) <= 0x100), Binary info must be in first 256 bytes of the binary)
LOAD CMakeFiles/kaputnik.dir/src/main.c.o
LOAD CMakeFiles/kaputnik.dir/src/mpu6500.c.o
LOAD CMakeFiles/kaputnik.dir/src/w25q64.c.o
LOAD CMakeFiles/kaputnik.dir/home/herzog/pico/pico-sdk/src/rp2_common/pico_stdlib/stdlib.c.o
LOAD CMakeFiles/kaputnik.dir/home/herzog/pico/pico-sdk/src/rp2_common/hardware_gpio/gpio.c.o
LOAD CMakeFiles/kaputnik.dir/home/herzog/pico/pico-sdk/src/rp2040/pico_platform/platform.c.o
LOAD CMakeFiles/kaputnik.dir/home/herzog/pico/pico-sdk/src/rp2_common/pico_platform_common/common.c.o
LOAD CMakeFiles/kaputnik.dir/home/herzog/pico/pico-sdk/src/rp2_common/pico_platform_panic/panic.c.o
LOAD CMakeFiles/kaputnik.dir/home/herzog/pico/pico-sdk/src/common/hardware_claim/claim.c.o
LOAD CMakeFiles/kaputnik.dir/home/herzog/pico/pico-sdk/src/rp2_common/hardware_sync/sync.c.o
LOAD CMakeFiles/kaputnik.dir/home/herzog/pico/pico-sdk/src/rp2_common/hardware_sync_spin_lock/sync_spin_lock.c.o
LOAD CMakeFiles/kaputnik.dir/home/herzog/pico/pico-sdk/src/rp2_common/hardware_irq/irq.c.o
LOAD CMakeFiles/kaputnik.dir/home/herzog/pico/pico-sdk/src/rp2_common/hardware_irq/irq_handler_chain.S.o
LOAD CMakeFiles/kaputnik.dir/home/herzog/pico/pico-sdk/src/common/pico_sync/sem.c.o
LOAD CMakeFiles/kaputnik.dir/home/herzog/pico/pico-sdk/src/common/pico_sync/lock_core.c.o
LOAD CMakeFiles/kaputnik.dir/home/herzog/pico/pico-sdk/src/common/pico_sync/mutex.c.o
LOAD CMakeFiles/kaputnik.dir/home/herzog/pico/pico-sdk/src/common/pico_sync/critical_section.c.o
LOAD CMakeFiles/kaputnik.dir/home/herzog/pico/pico-sdk/src/common/pico_time/time.c.o
LOAD CMakeFiles/kaputnik.dir/home/herzog/pico/pico-sdk/src/common/pico_time/timeout_helper.c.o
LOAD CMakeFiles/kaputnik.dir/home/herzog/pico/pico-sdk/src/rp2_common/hardware_timer/timer.c.o
LOAD CMakeFiles/kaputnik.dir/home/herzog/pico/pico-sdk/src/common/pico_util/datetime.c.o
LOAD CMakeFiles/kaputnik.dir/home/herzog/pico/pico-sdk/src/common/pico_util/pheap.c.o
LOAD CMakeFiles/kaputnik.dir/home/herzog/pico/pico-sdk/src/common/pico_util/queue.c.o
LOAD CMakeFiles/kaputnik.dir/home/herzog/pico/pico-sdk/src/rp2_common/hardware_uart/uart.c.o
LOAD CMakeFiles/kaputnik.dir/home/herzog/pico/pico-sdk/src/rp2_common/hardware_clocks/clocks.c.o
LOAD CMakeFiles/kaputnik.dir/home/herzog/pico/pico-sdk/src/rp2_common/hardware_pll/pll.c.o
LOAD CMakeFiles/kaputnik.dir/home/herzog/pico/pico-sdk/src/rp2_common/hardware_vreg/vreg.c.o
LOAD CMakeFiles/kaputnik.dir/home/herzog/pico/pico-sdk/src/rp2_common/hardware_watchdog/watchdog.c.o
LOAD CMakeFiles/kaputnik.dir/home/herzog/pico/pico-sdk/src/rp2_common/hardware_ticks/ticks.c.o
LOAD CMakeFiles/kaputnik.dir/home/herzog/pico/pico-sdk/src/rp2_common/pico_bootrom/bootrom.c.o
LOAD CMakeFiles/kaputnik.dir/home/herzog/pico/pico-sdk/src/rp2_common/pico_bootrom/bootrom_lock.c.o
LOAD CMakeFiles/kaputnik.dir/home/herzog/pico/pico-sdk/src/rp2_common/hardware_boot_lock/boot_lock.c.o
LOAD CMakeFiles/kaputnik.dir/home/herzog/pico/pico-sdk/src/rp2_common/pico_flash/flash.c.o
LOAD CMakeFiles/kaputnik.dir/home/herzog/pico/pico-sdk/src/rp2_common/hardware_xosc/xosc.c.o
LOAD CMakeFiles/kaputnik.dir/home/herzog/pico/pico-sdk/src/rp2_common/hardware_divider/divider.S.o
LOAD CMakeFiles/kaputnik.dir/home/herzog/pico/pico-sdk/src/rp2_common/pico_runtime/runtime.c.o
LOAD CMakeFiles/kaputnik.dir/home/herzog/pico/pico-sdk/src/rp2_common/pico_runtime_init/runtime_init.c.o
LOAD CMakeFiles/kaputnik.dir/home/herzog/pico/pico-sdk/src/rp2_common/pico_runtime_init/runtime_init_clocks.c.o
LOAD CMakeFiles/kaputnik.dir/home/herzog/pico/pico-sdk/src/rp2_common/pico_runtime_init/runtime_init_stack_guard.c.o
LOAD CMakeFiles/kaputnik.dir/home/herzog/pico/pico-sdk/src/rp2_common/pico_bit_ops/bit_ops_aeabi.S.o
LOAD CMakeFiles/kaputnik.dir/home/herzog/pico/pico-sdk/src/rp2_common/pico_divider/divider_hardware.S.o
LOAD CMakeFiles/kaputnik.dir/home/herzog/pico/pico-sdk/src/rp2_common/pico_double/double_aeabi_rp2040.S.o
LOAD CMakeFiles/kaputnik.dir/home/herzog/pico/pico-sdk/src/rp2_common/pico_double/double_init_rom_rp2040.c.o
LOAD CMakeFiles/kaputnik.dir/home/herzog/pico/pico-sdk/src/rp2_common/pico_double/double_math.c.o
LOAD CMakeFiles/kaputnik.dir/home/herzog/pico/pico-sdk/src/rp2_common/pico_double/double_v1_rom_shim_rp2040.S.o
LOAD CMakeFiles/kaputnik.dir/home/herzog/pico/pico-sdk/src/rp2_common/pico_int64_ops/pico_int64_ops_aeabi.S.o
LOAD CMakeFiles/kaputnik.dir/home/herzog/pico/pico-sdk/src/rp2_common/pico_float/float_aeabi_rp2040.S.o
LOAD CMakeFiles/kaputnik.dir/home/herzog/pico/pico-sdk/src/rp2_common/pico_float/float_init_rom_rp2040.c.o
LOAD CMakeFiles/kaputnik.dir/home/herzog/pico/pico-sdk/src/rp2_common/pico_float/float_math.c.o